
"C:/lscc/radiant/2026.1/tcltk/windows/bin/tclsh" "Lab3_impl_1_synthesize.tcl"

cpe -syn lse -f Lab3_impl_1.cprj -a iCE40UP -o Lab3_impl_1_cpe.ldc
CPE: Constraint Propagation Engine: starting
INFO <35831038> - Setting lab3_ta as top module.
Analyzing VHDL file C:/lscc/radiant/2026.1/ispfpga\vhdl_packages\standard.vhd. VHDL-1481
Analyzing VHDL file C:/lscc/radiant/2026.1/ispfpga\vhdl_packages\standard.vhd

INFO <35921014> - C:/lscc/radiant/2026.1/ispfpga\vhdl_packages\standard.vhd(9): analyzing package standard. VHDL-1014
Analyzing VHDL file C:/lscc/radiant/2026.1/ispfpga\vhdl_packages\std_1164.vhd. VHDL-1481
Analyzing VHDL file C:/lscc/radiant/2026.1/ispfpga\vhdl_packages\std_1164.vhd

INFO <35921014> - C:/lscc/radiant/2026.1/ispfpga\vhdl_packages\std_1164.vhd(15): analyzing package std_logic_1164. VHDL-1014
INFO <35921013> - C:/lscc/radiant/2026.1/ispfpga\vhdl_packages\std_1164.vhd(178): analyzing package body std_logic_1164. VHDL-1013
Analyzing VHDL file C:/lscc/radiant/2026.1/ispfpga\vhdl_packages\mgc_qsim.vhd. VHDL-1481
Analyzing VHDL file C:/lscc/radiant/2026.1/ispfpga\vhdl_packages\mgc_qsim.vhd

INFO <35921014> - C:/lscc/radiant/2026.1/ispfpga\vhdl_packages\mgc_qsim.vhd(18): analyzing package qsim_logic. VHDL-1014
INFO <35921013> - C:/lscc/radiant/2026.1/ispfpga\vhdl_packages\mgc_qsim.vhd(753): analyzing package body qsim_logic. VHDL-1013
Analyzing VHDL file C:/lscc/radiant/2026.1/ispfpga\vhdl_packages\numeric_bit.vhd. VHDL-1481
Analyzing VHDL file C:/lscc/radiant/2026.1/ispfpga\vhdl_packages\numeric_bit.vhd

INFO <35921014> - C:/lscc/radiant/2026.1/ispfpga\vhdl_packages\numeric_bit.vhd(54): analyzing package numeric_bit. VHDL-1014
INFO <35921013> - C:/lscc/radiant/2026.1/ispfpga\vhdl_packages\numeric_bit.vhd(834): analyzing package body numeric_bit. VHDL-1013
Analyzing VHDL file C:/lscc/radiant/2026.1/ispfpga\vhdl_packages\numeric_std.vhd. VHDL-1481
Analyzing VHDL file C:/lscc/radiant/2026.1/ispfpga\vhdl_packages\numeric_std.vhd

INFO <35921014> - C:/lscc/radiant/2026.1/ispfpga\vhdl_packages\numeric_std.vhd(57): analyzing package numeric_std. VHDL-1014
INFO <35921013> - C:/lscc/radiant/2026.1/ispfpga\vhdl_packages\numeric_std.vhd(874): analyzing package body numeric_std. VHDL-1013
Analyzing VHDL file C:/lscc/radiant/2026.1/ispfpga\vhdl_packages\textio.vhd. VHDL-1481
Analyzing VHDL file C:/lscc/radiant/2026.1/ispfpga\vhdl_packages\textio.vhd

INFO <35921014> - C:/lscc/radiant/2026.1/ispfpga\vhdl_packages\textio.vhd(13): analyzing package textio. VHDL-1014
INFO <35921013> - C:/lscc/radiant/2026.1/ispfpga\vhdl_packages\textio.vhd(114): analyzing package body textio. VHDL-1013
Analyzing VHDL file C:/lscc/radiant/2026.1/ispfpga\vhdl_packages\std_logic_textio.vhd. VHDL-1481
Analyzing VHDL file C:/lscc/radiant/2026.1/ispfpga\vhdl_packages\std_logic_textio.vhd

INFO <35921014> - C:/lscc/radiant/2026.1/ispfpga\vhdl_packages\std_logic_textio.vhd(26): analyzing package std_logic_textio. VHDL-1014
INFO <35921013> - C:/lscc/radiant/2026.1/ispfpga\vhdl_packages\std_logic_textio.vhd(72): analyzing package body std_logic_textio. VHDL-1013
Analyzing VHDL file C:/lscc/radiant/2026.1/ispfpga\vhdl_packages\syn_misc.vhd. VHDL-1481
Analyzing VHDL file C:/lscc/radiant/2026.1/ispfpga\vhdl_packages\syn_misc.vhd

INFO <35921014> - C:/lscc/radiant/2026.1/ispfpga\vhdl_packages\syn_misc.vhd(30): analyzing package std_logic_misc. VHDL-1014
INFO <35921013> - C:/lscc/radiant/2026.1/ispfpga\vhdl_packages\syn_misc.vhd(182): analyzing package body std_logic_misc. VHDL-1013
Analyzing VHDL file C:/lscc/radiant/2026.1/ispfpga\vhdl_packages\math_real.vhd. VHDL-1481
INFO <35921014> - C:/lscc/radiant/2026.1/ispfpga\vhdl_packages\math_real.vhd(56): analyzing package math_real. VHDL-1014
INFO <35921013> - C:/lscc/radiant/2026.1/ispfpga\vhdl_packages\math_real.vhd(685): analyzing package body math_real. VHDL-1013
Analyzing VHDL file C:/lscc/radiant/2026.1/ispfpga\vhdl_packages\mixed_lang_vltype.vhd. VHDL-1481
Analyzing VHDL file C:/lscc/radiant/2026.1/ispfpga\vhdl_packages\mixed_lang_vltype.vhd

INFO <35921014> - C:/lscc/radiant/2026.1/ispfpga\vhdl_packages\mixed_lang_vltype.vhd(9): analyzing package vl_types. VHDL-1014
INFO <35921013> - C:/lscc/radiant/2026.1/ispfpga\vhdl_packages\mixed_lang_vltype.vhd(88): analyzing package body vl_types. VHDL-1013
Analyzing VHDL file C:/lscc/radiant/2026.1/ispfpga\vhdl_packages\syn_arit.vhd. VHDL-1481
Analyzing VHDL file C:/lscc/radiant/2026.1/ispfpga\vhdl_packages\syn_arit.vhd

INFO <35921014> - C:/lscc/radiant/2026.1/ispfpga\vhdl_packages\syn_arit.vhd(25): analyzing package std_logic_arith. VHDL-1014
INFO <35921013> - C:/lscc/radiant/2026.1/ispfpga\vhdl_packages\syn_arit.vhd(206): analyzing package body std_logic_arith. VHDL-1013
Analyzing VHDL file C:/lscc/radiant/2026.1/ispfpga\vhdl_packages\syn_attr.vhd. VHDL-1481
Analyzing VHDL file C:/lscc/radiant/2026.1/ispfpga\vhdl_packages\syn_attr.vhd

INFO <35921014> - C:/lscc/radiant/2026.1/ispfpga\vhdl_packages\syn_attr.vhd(39): analyzing package attributes. VHDL-1014
Analyzing VHDL file C:/lscc/radiant/2026.1/ispfpga\vhdl_packages\syn_sign.vhd. VHDL-1481
Analyzing VHDL file C:/lscc/radiant/2026.1/ispfpga\vhdl_packages\syn_sign.vhd

INFO <35921014> - C:/lscc/radiant/2026.1/ispfpga\vhdl_packages\syn_sign.vhd(35): analyzing package std_logic_signed. VHDL-1014
INFO <35921013> - C:/lscc/radiant/2026.1/ispfpga\vhdl_packages\syn_sign.vhd(96): analyzing package body std_logic_signed. VHDL-1013
Analyzing VHDL file C:/lscc/radiant/2026.1/ispfpga\vhdl_packages\syn_unsi.vhd. VHDL-1481
Analyzing VHDL file C:/lscc/radiant/2026.1/ispfpga\vhdl_packages\syn_unsi.vhd

INFO <35921014> - C:/lscc/radiant/2026.1/ispfpga\vhdl_packages\syn_unsi.vhd(35): analyzing package std_logic_unsigned. VHDL-1014
INFO <35921013> - C:/lscc/radiant/2026.1/ispfpga\vhdl_packages\syn_unsi.vhd(94): analyzing package body std_logic_unsigned. VHDL-1013
Analyzing VHDL file C:/lscc/radiant/2026.1/ispfpga\vhdl_packages\synattr.vhd. VHDL-1481
Analyzing VHDL file C:/lscc/radiant/2026.1/ispfpga\vhdl_packages\synattr.vhd

INFO <35921014> - C:/lscc/radiant/2026.1/ispfpga\vhdl_packages\synattr.vhd(50): analyzing package attributes. VHDL-1014
Analyzing VHDL file C:/lscc/radiant/2026.1/ispfpga\..\cae_library\synthesis\vhdl\iCE40UP.vhd. VHDL-1481
Analyzing VHDL file C:/lscc/radiant/2026.1/ispfpga\..\cae_library\synthesis\vhdl\iCE40UP.vhd

Analyzing Verilog file C:/lscc/radiant/2026.1/ispfpga\..\cae_library\synthesis\verilog\iCE40UP.v. VERI-1482
Analyzing Verilog file C:/lscc/radiant/2026.1/ip/pmi/pmi_iCE40UP.v. VERI-1482
INFO <35901328> - C:/lscc/radiant/2026.1/ip/pmi/pmi_iCE40UP.v(1): analyzing included file C:/lscc/radiant/2026.1/ip/pmi/pmi_addsub.v. VERI-1328
INFO <35901328> - C:/lscc/radiant/2026.1/ip/pmi/pmi_addsub.v(40): analyzing included file C:/lscc/radiant/2026.1/ip/pmi/../common/adder_subtractor/rtl/lscc_add_sub.v. VERI-1328
INFO <35901328> - C:/lscc/radiant/2026.1/ip/pmi/pmi_iCE40UP.v(2): analyzing included file C:/lscc/radiant/2026.1/ip/pmi/pmi_add.v. VERI-1328
INFO <35901328> - C:/lscc/radiant/2026.1/ip/pmi/pmi_add.v(50): analyzing included file C:/lscc/radiant/2026.1/ip/pmi/../common/adder/rtl/lscc_adder.v. VERI-1328
INFO <35901328> - C:/lscc/radiant/2026.1/ip/pmi/pmi_iCE40UP.v(3): analyzing included file C:/lscc/radiant/2026.1/ip/pmi/pmi_complex_mult.v. VERI-1328
INFO <35901328> - C:/lscc/radiant/2026.1/ip/pmi/pmi_complex_mult.v(52): analyzing included file C:/lscc/radiant/2026.1/ip/pmi/../common/complex_mult/rtl/lscc_complex_mult.v. VERI-1328
INFO <35901328> - C:/lscc/radiant/2026.1/ip/pmi/pmi_iCE40UP.v(4): analyzing included file C:/lscc/radiant/2026.1/ip/pmi/pmi_counter.v. VERI-1328
INFO <35901328> - C:/lscc/radiant/2026.1/ip/pmi/pmi_counter.v(39): analyzing included file C:/lscc/radiant/2026.1/ip/pmi/../common/counter/rtl/lscc_cntr.v. VERI-1328
INFO <35901328> - C:/lscc/radiant/2026.1/ip/pmi/pmi_iCE40UP.v(5): analyzing included file C:/lscc/radiant/2026.1/ip/pmi/pmi_fifo.v. VERI-1328
INFO <35901328> - C:/lscc/radiant/2026.1/ip/pmi/pmi_fifo.v(44): analyzing included file C:/lscc/radiant/2026.1/ip/pmi/../common/fifo/rtl/lscc_fifo.v. VERI-1328
INFO <35901328> - C:/lscc/radiant/2026.1/ip/pmi/pmi_iCE40UP.v(6): analyzing included file C:/lscc/radiant/2026.1/ip/pmi/pmi_fifo_dc.v. VERI-1328
INFO <35901328> - C:/lscc/radiant/2026.1/ip/pmi/pmi_fifo_dc.v(47): analyzing included file C:/lscc/radiant/2026.1/ip/pmi/../common/fifo_dc/rtl/lscc_fifo_dc.v. VERI-1328
INFO <35901328> - C:/lscc/radiant/2026.1/ip/pmi/pmi_fifo_dc.v(48): analyzing included file C:/lscc/radiant/2026.1/ip/pmi/../LFMXO4/fifo_dc/rtl/lscc_lfmxo4_fifo_dc.v. VERI-1328
INFO <35901328> - C:/lscc/radiant/2026.1/ip/pmi/../LFMXO4/fifo_dc/rtl/lscc_lfmxo4_fifo_dc.v(128): analyzing included file C:/lscc/radiant/2026.1/ip/pmi/../LFMXO4/fifo_dc/rtl/lscc_lfmxo4_fifo_dc_distributed_ram.v. VERI-1328
INFO <35901328> - C:/lscc/radiant/2026.1/ip/pmi/../LFMXO4/fifo_dc/rtl/lscc_lfmxo4_fifo_dc.v(129): analyzing included file C:/lscc/radiant/2026.1/ip/pmi/../LFMXO4/fifo_dc/rtl/lscc_lfmxo4_fifo_dc_ecc.v. VERI-1328
INFO <35901328> - C:/lscc/radiant/2026.1/ip/pmi/../LFMXO4/fifo_dc/rtl/lscc_lfmxo4_fifo_dc.v(130): analyzing included file C:/lscc/radiant/2026.1/ip/pmi/../LFMXO4/fifo_dc/rtl/lscc_lfmxo4_fifo_dc_flag_and_cnts_logic.v. VERI-1328
INFO <35901328> - C:/lscc/radiant/2026.1/ip/pmi/../LFMXO4/fifo_dc/rtl/lscc_lfmxo4_fifo_dc.v(131): analyzing included file C:/lscc/radiant/2026.1/ip/pmi/../LFMXO4/fifo_dc/rtl/lscc_lfmxo4_fifo_dc_gray_reg.v. VERI-1328
INFO <35901328> - C:/lscc/radiant/2026.1/ip/pmi/../LFMXO4/fifo_dc/rtl/lscc_lfmxo4_fifo_dc.v(132): analyzing included file C:/lscc/radiant/2026.1/ip/pmi/../LFMXO4/fifo_dc/rtl/lscc_lfmxo4_fifo_dc_gray_synchronizer.v. VERI-1328
INFO <35901328> - C:/lscc/radiant/2026.1/ip/pmi/../LFMXO4/fifo_dc/rtl/lscc_lfmxo4_fifo_dc.v(133): analyzing included file C:/lscc/radiant/2026.1/ip/pmi/../LFMXO4/fifo_dc/rtl/lscc_lfmxo4_fifo_dc_harden_prim.v. VERI-1328
INFO <35901328> - C:/lscc/radiant/2026.1/ip/pmi/../LFMXO4/fifo_dc/rtl/lscc_lfmxo4_fifo_dc.v(134): analyzing included file C:/lscc/radiant/2026.1/ip/pmi/../LFMXO4/fifo_dc/rtl/lscc_lfmxo4_fifo_dc_harden_rd_ctrl_logic.v. VERI-1328
INFO <35901328> - C:/lscc/radiant/2026.1/ip/pmi/../LFMXO4/fifo_dc/rtl/lscc_lfmxo4_fifo_dc.v(135): analyzing included file C:/lscc/radiant/2026.1/ip/pmi/../LFMXO4/fifo_dc/rtl/lscc_lfmxo4_fifo_dc_harden_rd_output_logic.v. VERI-1328
INFO <35901328> - C:/lscc/radiant/2026.1/ip/pmi/../LFMXO4/fifo_dc/rtl/lscc_lfmxo4_fifo_dc.v(136): analyzing included file C:/lscc/radiant/2026.1/ip/pmi/../LFMXO4/fifo_dc/rtl/lscc_lfmxo4_fifo_dc_harden_ring_counter.v. VERI-1328
INFO <35901328> - C:/lscc/radiant/2026.1/ip/pmi/../LFMXO4/fifo_dc/rtl/lscc_lfmxo4_fifo_dc.v(137): analyzing included file C:/lscc/radiant/2026.1/ip/pmi/../LFMXO4/fifo_dc/rtl/lscc_lfmxo4_fifo_dc_harden_wr_ctrl_logic.v. VERI-1328
INFO <35901328> - C:/lscc/radiant/2026.1/ip/pmi/../LFMXO4/fifo_dc/rtl/lscc_lfmxo4_fifo_dc.v(138): analyzing included file C:/lscc/radiant/2026.1/ip/pmi/../LFMXO4/fifo_dc/rtl/lscc_lfmxo4_fifo_dc_harden.v. VERI-1328
INFO <35901328> - C:/lscc/radiant/2026.1/ip/pmi/../LFMXO4/fifo_dc/rtl/lscc_lfmxo4_fifo_dc.v(139): analyzing included file C:/lscc/radiant/2026.1/ip/pmi/../LFMXO4/fifo_dc/rtl/lscc_lfmxo4_fifo_dc_prim_gen.v. VERI-1328
INFO <35901328> - C:/lscc/radiant/2026.1/ip/pmi/../LFMXO4/fifo_dc/rtl/lscc_lfmxo4_fifo_dc.v(140): analyzing included file C:/lscc/radiant/2026.1/ip/pmi/../LFMXO4/fifo_dc/rtl/lscc_lfmxo4_fifo_dc_rd_ctrl_logic.v. VERI-1328
INFO <35901328> - C:/lscc/radiant/2026.1/ip/pmi/../LFMXO4/fifo_dc/rtl/lscc_lfmxo4_fifo_dc.v(141): analyzing included file C:/lscc/radiant/2026.1/ip/pmi/../LFMXO4/fifo_dc/rtl/lscc_lfmxo4_fifo_dc_wr_ctrl_logic.v. VERI-1328
INFO <35901328> - C:/lscc/radiant/2026.1/ip/pmi/pmi_iCE40UP.v(7): analyzing included file C:/lscc/radiant/2026.1/ip/pmi/pmi_mac.v. VERI-1328
INFO <35901328> - C:/lscc/radiant/2026.1/ip/pmi/pmi_mac.v(52): analyzing included file C:/lscc/radiant/2026.1/ip/pmi/../common/mult_accumulate/rtl/lscc_mult_accumulate.v. VERI-1328
INFO <35901328> - C:/lscc/radiant/2026.1/ip/pmi/pmi_iCE40UP.v(8): analyzing included file C:/lscc/radiant/2026.1/ip/pmi/pmi_multaddsubsum.v. VERI-1328
INFO <35901328> - C:/lscc/radiant/2026.1/ip/pmi/pmi_multaddsubsum.v(53): analyzing included file C:/lscc/radiant/2026.1/ip/pmi/../common/mult_add_sub_sum/rtl/lscc_mult_add_sub_sum.v. VERI-1328
INFO <35901328> - C:/lscc/radiant/2026.1/ip/pmi/pmi_iCE40UP.v(9): analyzing included file C:/lscc/radiant/2026.1/ip/pmi/pmi_multaddsub.v. VERI-1328
INFO <35901328> - C:/lscc/radiant/2026.1/ip/pmi/pmi_multaddsub.v(52): analyzing included file C:/lscc/radiant/2026.1/ip/pmi/../common/mult_add_sub/rtl/lscc_mult_add_sub.v. VERI-1328
INFO <35901328> - C:/lscc/radiant/2026.1/ip/pmi/pmi_iCE40UP.v(10): analyzing included file C:/lscc/radiant/2026.1/ip/pmi/pmi_mult.v. VERI-1328
INFO <35901328> - C:/lscc/radiant/2026.1/ip/pmi/pmi_mult.v(51): analyzing included file C:/lscc/radiant/2026.1/ip/pmi/../common/multiplier/rtl/lscc_multiplier.v. VERI-1328
INFO <35901328> - C:/lscc/radiant/2026.1/ip/pmi/pmi_iCE40UP.v(11): analyzing included file C:/lscc/radiant/2026.1/ip/pmi/pmi_ram_dp.v. VERI-1328
INFO <35901328> - C:/lscc/radiant/2026.1/ip/pmi/pmi_ram_dp.v(48): analyzing included file C:/lscc/radiant/2026.1/ip/pmi/../common/ram_dp/rtl/lscc_ram_dp.v. VERI-1328
INFO <35901328> - C:/lscc/radiant/2026.1/ip/pmi/pmi_ram_dp.v(49): analyzing included file C:/lscc/radiant/2026.1/ip/pmi/../LFMXO4/ram_dp/rtl/lscc_lfmxo4_ram_dp.v. VERI-1328
INFO <35901328> - C:/lscc/radiant/2026.1/ip/pmi/../LFMXO4/ram_dp/rtl/lscc_lfmxo4_ram_dp.v(438): analyzing included file C:/lscc/radiant/2026.1/ip/pmi/../LFMXO4/ram_dp/rtl/lscc_lfmxo4_ram_dp_impl.v. VERI-1328
INFO <35901328> - C:/lscc/radiant/2026.1/ip/pmi/../LFMXO4/ram_dp/rtl/lscc_lfmxo4_ram_dp_impl.v(64): analyzing included file C:/lscc/radiant/2026.1/ip/pmi/../LFMXO4/ram_dp/rtl/lscc_lfmxo4_ram_dp_behavioral.v. VERI-1328
INFO <35901328> - C:/lscc/radiant/2026.1/ip/pmi/../LFMXO4/ram_dp/rtl/lscc_lfmxo4_ram_dp_impl.v(66): analyzing included file C:/lscc/radiant/2026.1/ip/pmi/../LFMXO4/ram_dp/rtl/lscc_lfmxo4_ram_dp_lut_decode.v. VERI-1328
INFO <35901328> - C:/lscc/radiant/2026.1/ip/pmi/../LFMXO4/ram_dp/rtl/lscc_lfmxo4_ram_dp_impl.v(478): analyzing included file C:/lscc/radiant/2026.1/ip/pmi/../LFMXO4/ram_dp/rtl/lscc_lfmxo4_ram_dp_functions.vh. VERI-1328
INFO <35901328> - C:/lscc/radiant/2026.1/ip/pmi/../LFMXO4/ram_dp/rtl/lscc_lfmxo4_ram_dp_impl.v(609): analyzing included file C:/lscc/radiant/2026.1/ip/pmi/../LFMXO4/ram_dp/rtl/lscc_lfmxo4_ram_dp_functions.vh. VERI-1328
INFO <35901328> - C:/lscc/radiant/2026.1/ip/pmi/../LFMXO4/ram_dp/rtl/lscc_lfmxo4_ram_dp_impl.v(1511): analyzing included file C:/lscc/radiant/2026.1/ip/pmi/../LFMXO4/ram_dp/rtl/lscc_lfmxo4_ram_dp_functions.vh. VERI-1328
INFO <35901328> - C:/lscc/radiant/2026.1/ip/pmi/../LFMXO4/ram_dp/rtl/lscc_lfmxo4_ram_dp_impl.v(2456): analyzing included file C:/lscc/radiant/2026.1/ip/pmi/../LFMXO4/ram_dp/rtl/lscc_lfmxo4_ram_dp_functions.vh. VERI-1328
INFO <35901328> - C:/lscc/radiant/2026.1/ip/pmi/../LFMXO4/ram_dp/rtl/lscc_lfmxo4_ram_dp_impl.v(4673): analyzing included file C:/lscc/radiant/2026.1/ip/pmi/../LFMXO4/ram_dp/rtl/lscc_lfmxo4_ram_dp_functions.vh. VERI-1328
INFO <35901328> - C:/lscc/radiant/2026.1/ip/pmi/pmi_iCE40UP.v(12): analyzing included file C:/lscc/radiant/2026.1/ip/pmi/pmi_ram_dq.v. VERI-1328
INFO <35901328> - C:/lscc/radiant/2026.1/ip/pmi/pmi_ram_dq.v(45): analyzing included file C:/lscc/radiant/2026.1/ip/pmi/../common/ram_dq/rtl/lscc_ram_dq.v. VERI-1328
INFO <35901328> - C:/lscc/radiant/2026.1/ip/pmi/pmi_ram_dq.v(46): analyzing included file C:/lscc/radiant/2026.1/ip/pmi/../LFMXO4/ram_dq/rtl/lscc_lfmxo4_ram_dq.v. VERI-1328
INFO <35901328> - C:/lscc/radiant/2026.1/ip/pmi/../LFMXO4/ram_dq/rtl/lscc_lfmxo4_ram_dq.v(2839): analyzing included file C:/lscc/radiant/2026.1/ip/pmi/../LFMXO4/ram_dq/rtl/hsiao_ecc_encoder.v. VERI-1328
INFO <35901328> - C:/lscc/radiant/2026.1/ip/pmi/../LFMXO4/ram_dq/rtl/lscc_lfmxo4_ram_dq.v(2840): analyzing included file C:/lscc/radiant/2026.1/ip/pmi/../LFMXO4/ram_dq/rtl/hsiao_ecc_decoder.v. VERI-1328
INFO <35901328> - C:/lscc/radiant/2026.1/ip/pmi/../LFMXO4/ram_dq/rtl/lscc_lfmxo4_ram_dq.v(2841): analyzing included file C:/lscc/radiant/2026.1/ip/pmi/../LFMXO4/ram_dq/rtl/lscc_lfmxo4_ram_dq_lut_decode.v. VERI-1328
INFO <35901328> - C:/lscc/radiant/2026.1/ip/pmi/pmi_iCE40UP.v(13): analyzing included file C:/lscc/radiant/2026.1/ip/pmi/pmi_rom.v. VERI-1328
INFO <35901328> - C:/lscc/radiant/2026.1/ip/pmi/pmi_rom.v(45): analyzing included file C:/lscc/radiant/2026.1/ip/pmi/../common/rom/rtl/lscc_rom.v. VERI-1328
INFO <35901328> - C:/lscc/radiant/2026.1/ip/pmi/pmi_iCE40UP.v(14): analyzing included file C:/lscc/radiant/2026.1/ip/pmi/pmi_sub.v. VERI-1328
INFO <35901328> - C:/lscc/radiant/2026.1/ip/pmi/pmi_sub.v(50): analyzing included file C:/lscc/radiant/2026.1/ip/pmi/../common/subtractor/rtl/lscc_subtractor.v. VERI-1328
INFO <35901328> - C:/lscc/radiant/2026.1/ip/pmi/pmi_iCE40UP.v(15): analyzing included file C:/lscc/radiant/2026.1/ip/pmi/pmi_ram_dp_be.v. VERI-1328
INFO <35901328> - C:/lscc/radiant/2026.1/ip/pmi/pmi_ram_dp_be.v(49): analyzing included file C:/lscc/radiant/2026.1/ip/pmi/../common/ram_dp/rtl/lscc_ram_dp.v. VERI-1328
INFO <35901328> - C:/lscc/radiant/2026.1/ip/pmi/pmi_ram_dp_be.v(50): analyzing included file C:/lscc/radiant/2026.1/ip/pmi/../LFMXO4/ram_dp/rtl/lscc_lfmxo4_ram_dp.v. VERI-1328
INFO <35901328> - C:/lscc/radiant/2026.1/ip/pmi/../LFMXO4/ram_dp/rtl/lscc_lfmxo4_ram_dp.v(438): analyzing included file C:/lscc/radiant/2026.1/ip/pmi/../LFMXO4/ram_dp/rtl/lscc_lfmxo4_ram_dp_impl.v. VERI-1328
INFO <35901328> - C:/lscc/radiant/2026.1/ip/pmi/pmi_iCE40UP.v(16): analyzing included file C:/lscc/radiant/2026.1/ip/pmi/pmi_ram_dq_be.v. VERI-1328
INFO <35901328> - C:/lscc/radiant/2026.1/ip/pmi/pmi_ram_dq_be.v(45): analyzing included file C:/lscc/radiant/2026.1/ip/pmi/../common/ram_dq/rtl/lscc_ram_dq.v. VERI-1328
INFO <35901328> - C:/lscc/radiant/2026.1/ip/pmi/pmi_ram_dq_be.v(46): analyzing included file C:/lscc/radiant/2026.1/ip/pmi/../LFMXO4/ram_dq/rtl/lscc_lfmxo4_ram_dq.v. VERI-1328
INFO <35901328> - C:/lscc/radiant/2026.1/ip/pmi/../LFMXO4/ram_dq/rtl/lscc_lfmxo4_ram_dq.v(2839): analyzing included file C:/lscc/radiant/2026.1/ip/pmi/../LFMXO4/ram_dq/rtl/hsiao_ecc_encoder.v. VERI-1328
INFO <35901328> - C:/lscc/radiant/2026.1/ip/pmi/../LFMXO4/ram_dq/rtl/lscc_lfmxo4_ram_dq.v(2840): analyzing included file C:/lscc/radiant/2026.1/ip/pmi/../LFMXO4/ram_dq/rtl/hsiao_ecc_decoder.v. VERI-1328
INFO <35901328> - C:/lscc/radiant/2026.1/ip/pmi/../LFMXO4/ram_dq/rtl/lscc_lfmxo4_ram_dq.v(2841): analyzing included file C:/lscc/radiant/2026.1/ip/pmi/../LFMXO4/ram_dq/rtl/lscc_lfmxo4_ram_dq_lut_decode.v. VERI-1328
INFO <35901328> - C:/lscc/radiant/2026.1/ip/pmi/pmi_iCE40UP.v(17): analyzing included file C:/lscc/radiant/2026.1/ip/pmi/pmi_dsp.v. VERI-1328
Analyzing Verilog file C:/Users/thanderson/Documents/GitHub/E155-Lab3/FPGA/Radiant_Project/Lab3/source/impl_1/lab3_ta.sv. VERI-1482
Analyzing Verilog file C:/Users/thanderson/Documents/GitHub/E155-Lab3/FPGA/Radiant_Project/Lab3/source/impl_1/lab1_ta_hex_seg_decoder.sv. VERI-1482
Analyzing Verilog file C:/Users/thanderson/Documents/GitHub/E155-Lab3/FPGA/Radiant_Project/Lab3/source/impl_1/lab2_ta_counter.sv. VERI-1482
Analyzing Verilog file C:/Users/thanderson/Documents/GitHub/E155-Lab3/FPGA/Radiant_Project/Lab3/source/impl_1/lab3_ta_scanner.sv. VERI-1482
Analyzing Verilog file C:/Users/thanderson/Documents/GitHub/E155-Lab3/FPGA/Radiant_Project/Lab3/source/impl_1/lab3_ta_sync.sv. VERI-1482
Analyzing Verilog file C:/Users/thanderson/Documents/GitHub/E155-Lab3/FPGA/Radiant_Project/Lab3/source/impl_1/lab3_ta_keypad_decoder.sv. VERI-1482
Analyzing Verilog file C:/Users/thanderson/Documents/GitHub/E155-Lab3/FPGA/Radiant_Project/Lab3/source/impl_1/lab3_ta_keypad_builder.sv. VERI-1482
Analyzing Verilog file C:/Users/thanderson/Documents/GitHub/E155-Lab3/FPGA/Radiant_Project/Lab3/source/impl_1/lab3_ta_digit_sr.sv. VERI-1482
Analyzing Verilog file C:/Users/thanderson/Documents/GitHub/E155-Lab3/FPGA/Radiant_Project/Lab3/source/impl_1/lab3_ta_controller.sv. VERI-1482
Analyzing Verilog file C:/Users/thanderson/Documents/GitHub/E155-Lab3/FPGA/Radiant_Project/Lab3/source/impl_1/lab3_ta_scanner_tb.sv. VERI-1482
Analyzing Verilog file C:/Users/thanderson/Documents/GitHub/E155-Lab3/FPGA/Radiant_Project/Lab3/source/impl_1/lab3_ta_sync_tb.sv. VERI-1482
Analyzing Verilog file C:/Users/thanderson/Documents/GitHub/E155-Lab3/FPGA/Radiant_Project/Lab3/source/impl_1/lab3_ta_digit_sr_tb.sv. VERI-1482
Analyzing Verilog file C:/Users/thanderson/Documents/GitHub/E155-Lab3/FPGA/Radiant_Project/Lab3/source/impl_1/lab3_ta_keypad_builder_tb.sv. VERI-1482
Analyzing Verilog file C:/Users/thanderson/Documents/GitHub/E155-Lab3/FPGA/Radiant_Project/Lab3/source/impl_1/lab3_ta_keypad_decoder_tb.sv. VERI-1482
Analyzing Verilog file C:/Users/thanderson/Documents/GitHub/E155-Lab3/FPGA/Radiant_Project/Lab3/source/impl_1/lab3_ta_savedkey_sr.sv. VERI-1482
Analyzing Verilog file C:/Users/thanderson/Documents/GitHub/E155-Lab3/FPGA/Radiant_Project/Lab3/source/impl_1/lab3_ta_savedkey_sr_tb.sv. VERI-1482
Analyzing Verilog file C:/Users/thanderson/Documents/GitHub/E155-Lab3/FPGA/Radiant_Project/Lab3/source/impl_1/lab3_ta_controller_tb.sv. VERI-1482
Analyzing Verilog file C:/Users/thanderson/Documents/GitHub/E155-Lab3/FPGA/Radiant_Project/Lab3/source/impl_1/lab3_ta_top_tb.sv. VERI-1482
Analyzing VHDL file C:/lscc/radiant/2026.1/ip/pmi/pmi_iCE40UP.vhd. VHDL-1481
Analyzing VHDL file C:/lscc/radiant/2026.1/ip/pmi/pmi_iCE40UP.vhd

INFO <35921014> - C:/lscc/radiant/2026.1/ip/pmi/pmi_iCE40UP.vhd(4): analyzing package components. VHDL-1014
Top module name (Verilog): lab3_ta
INFO <35901018> - C:/Users/thanderson/Documents/GitHub/E155-Lab3/FPGA/Radiant_Project/Lab3/source/impl_1/lab3_ta.sv(5): compiling module lab3_ta. VERI-1018
INFO <35901018> - C:/lscc/radiant/2026.1/ispfpga\..\cae_library\synthesis\verilog\iCE40UP.v(756): compiling module HSOSC(CLKHF_DIV=2&apos;b01). VERI-1018
INFO <35901018> - C:/Users/thanderson/Documents/GitHub/E155-Lab3/FPGA/Radiant_Project/Lab3/source/impl_1/lab3_ta_sync.sv(6): compiling module lab3_ta_sync. VERI-1018
INFO <35901018> - C:/Users/thanderson/Documents/GitHub/E155-Lab3/FPGA/Radiant_Project/Lab3/source/impl_1/lab3_ta_scanner.sv(6): compiling module lab3_ta_scanner. VERI-1018
INFO <35901018> - C:/Users/thanderson/Documents/GitHub/E155-Lab3/FPGA/Radiant_Project/Lab3/source/impl_1/lab2_ta_counter.sv(5): compiling module lab2_ta_counter(WIDTH=17,MAX_COUNT=95999). VERI-1018
INFO <35901018> - C:/Users/thanderson/Documents/GitHub/E155-Lab3/FPGA/Radiant_Project/Lab3/source/impl_1/lab3_ta_keypad_builder.sv(6): compiling module lab3_ta_keypad_builder. VERI-1018
INFO <35901018> - C:/Users/thanderson/Documents/GitHub/E155-Lab3/FPGA/Radiant_Project/Lab3/source/impl_1/lab3_ta_keypad_decoder.sv(6): compiling module lab3_ta_keypad_decoder. VERI-1018
INFO <35901018> - C:/Users/thanderson/Documents/GitHub/E155-Lab3/FPGA/Radiant_Project/Lab3/source/impl_1/lab2_ta_counter.sv(5): compiling module lab2_ta_counter(WIDTH=18,MAX_COUNT=239999). VERI-1018
INFO <35901018> - C:/Users/thanderson/Documents/GitHub/E155-Lab3/FPGA/Radiant_Project/Lab3/source/impl_1/lab3_ta_controller.sv(5): compiling module lab3_ta_controller. VERI-1018
INFO <35901018> - C:/Users/thanderson/Documents/GitHub/E155-Lab3/FPGA/Radiant_Project/Lab3/source/impl_1/lab3_ta_digit_sr.sv(6): compiling module lab3_ta_digit_sr. VERI-1018
INFO <35901018> - C:/Users/thanderson/Documents/GitHub/E155-Lab3/FPGA/Radiant_Project/Lab3/source/impl_1/lab3_ta_savedkey_sr.sv(5): compiling module lab3_ta_savedkey_sr. VERI-1018
INFO <35901018> - C:/Users/thanderson/Documents/GitHub/E155-Lab3/FPGA/Radiant_Project/Lab3/source/impl_1/lab2_ta_counter.sv(5): compiling module lab2_ta_counter(WIDTH=18,MAX_COUNT=200000). VERI-1018
INFO <35901018> - C:/Users/thanderson/Documents/GitHub/E155-Lab3/FPGA/Radiant_Project/Lab3/source/impl_1/lab1_ta_hex_seg_decoder.sv(5): compiling module lab1_ta_hex_seg_decoder. VERI-1018
Source compile complete.
Writing output files.
CPE Completed. Lab3_impl_1_cpe.ldc and CPEReport.txt produced.
CPE: Constraint Propagation Engine: completed



synthesis -f C:/Users/thanderson/Documents/GitHub/E155-Lab3/FPGA/Radiant_Project/Lab3/impl_1/Lab3_impl_1_lattice.synproj -logfile Lab3_impl_1_lattice.srp
synthesis:  version Radiant Software (64-bit) 2026.1.0.37.0

Copyright (c) 1991-1994 by NeoCAD Inc. All rights reserved.
Copyright (c) 1995 AT&T Corp.   All rights reserved.
Copyright (c) 1995-2001 Lucent Technologies Inc.  All rights reserved.
Copyright (c) 2001 Agere Systems   All rights reserved.
Copyright (c) 2002-2026 Lattice Semiconductor Corporation,  All rights reserved.
Mon Sep 21 21:42:14 2026


Command Line:  C:\lscc\radiant\2026.1\ispfpga\bin\nt64\synthesis.exe -f C:/Users/thanderson/Documents/GitHub/E155-Lab3/FPGA/Radiant_Project/Lab3/impl_1/Lab3_impl_1_lattice.synproj -logfile Lab3_impl_1_lattice.srp -gui -msgset C:/Users/thanderson/Documents/GitHub/E155-Lab3/FPGA/Radiant_Project/Lab3/promote.xml 

Lattice Synthesis Engine launched.

Synthesis options:
The -a option is iCE40UP.
The -t option is SG48.
The -sp option is High-Performance_1.2V.
The -p option is iCE40UP5K.

###################### Device Information ######################
----------------------------------------------------------------
Lattice Family        | iCE40UP
----------------------------------------------------------------
Device                | iCE40UP5K
----------------------------------------------------------------
Package               | SG48
----------------------------------------------------------------
Performance Grade     | High-Performance_1.2V
----------------------------------------------------------------
################################################################

####################### Device Resources #######################
----------------------------------------------------------------
Logic Cells           | 5280
----------------------------------------------------------------
RAM Blocks            | 30
----------------------------------------------------------------
DSP Blocks            | 8
----------------------------------------------------------------
PLLs                  | 1
----------------------------------------------------------------
I/O Pins              | 56
----------------------------------------------------------------
################################################################

Resolving user-selected strategy settings...

INFO <35001797> - Use DCC Insertion disabled by default.

###################### Strategy Settings #######################
----------------------------------------------------------------
Optimization Goal     | Area
----------------------------------------------------------------
Top-level Module Name | lab3_ta
----------------------------------------------------------------
Target Frequency      | 200.000 MHz
----------------------------------------------------------------
Maximum Fanout        | 1000
----------------------------------------------------------------
Timing Path Count     | 3
----------------------------------------------------------------
RAM Read/Write Check  | False
----------------------------------------------------------------
BRAM Utilization      | 100.0%
----------------------------------------------------------------
DSP Usage             | True
----------------------------------------------------------------
DSP Utilization       | 100.0%
----------------------------------------------------------------
FSM Encoding Style    | Auto
----------------------------------------------------------------
Resolve Mixed Drivers | False
----------------------------------------------------------------
Fix Gated Clocks      | True
----------------------------------------------------------------
Mux Style             | Auto
----------------------------------------------------------------
Use Carry Chain       | True
----------------------------------------------------------------
Carry Chain Length    | Infinite
----------------------------------------------------------------
Loop Limit            | 1950
----------------------------------------------------------------
Use I/O Insertion     | True
----------------------------------------------------------------
Use I/O Registers     | True
----------------------------------------------------------------
Resource Sharing      | True
----------------------------------------------------------------
Propagate Constants   | True
----------------------------------------------------------------
Remove Duplicate Reg  | True
----------------------------------------------------------------
Force GSR             | False
----------------------------------------------------------------
ROM Style             | Auto
----------------------------------------------------------------
RAM Style             | Auto
----------------------------------------------------------------
Remove LOC Properties | False
----------------------------------------------------------------
Partition Flow        | False
----------------------------------------------------------------
Use DCC Insertion     | None
----------------------------------------------------------------
################################################################


The -comp option is FALSE.
The -syn option is FALSE.

Output HDL filename: Lab3_impl_1.vm
-sdc option: SDC file input is Lab3_impl_1_cpe.ldc.
-path . (searchpath added)
-path .. (searchpath added)
-path ../source/impl_1 (searchpath added)
-path C:/lscc/radiant/2026.1/ispfpga/ice40tp/data (searchpath added)
Mixed language design
Verilog design file: C:/lscc/radiant/2026.1/ip/pmi/pmi_iCE40UP.v
Verilog design file: ../source/impl_1/lab3_ta.sv
Verilog design file: ../source/impl_1/lab1_ta_hex_seg_decoder.sv
Verilog design file: ../source/impl_1/lab2_ta_counter.sv
Verilog design file: ../source/impl_1/lab3_ta_scanner.sv
Verilog design file: ../source/impl_1/lab3_ta_sync.sv
Verilog design file: ../source/impl_1/lab3_ta_keypad_decoder.sv
Verilog design file: ../source/impl_1/lab3_ta_keypad_builder.sv
Verilog design file: ../source/impl_1/lab3_ta_digit_sr.sv
Verilog design file: ../source/impl_1/lab3_ta_controller.sv
Verilog design file: ../source/impl_1/lab3_ta_scanner_tb.sv
Verilog design file: ../source/impl_1/lab3_ta_sync_tb.sv
Verilog design file: ../source/impl_1/lab3_ta_digit_sr_tb.sv
Verilog design file: ../source/impl_1/lab3_ta_keypad_builder_tb.sv
Verilog design file: ../source/impl_1/lab3_ta_keypad_decoder_tb.sv
Verilog design file: ../source/impl_1/lab3_ta_savedkey_sr.sv
Verilog design file: ../source/impl_1/lab3_ta_savedkey_sr_tb.sv
Verilog design file: ../source/impl_1/lab3_ta_controller_tb.sv
Verilog design file: ../source/impl_1/lab3_ta_top_tb.sv
VHDL library: pmi
VHDL design file: C:/lscc/radiant/2026.1/ip/pmi/pmi_iCE40UP.vhd

Compiling design...

Analyzing Verilog file C:/lscc/radiant/2026.1/ispfpga\..\cae_library\synthesis\verilog\generic.v. VERI-1482
Analyzing Verilog file C:/lscc/radiant/2026.1/ispfpga\..\cae_library\synthesis\verilog\iCE40UP.v. VERI-1482
Analyzing Verilog file C:/lscc/radiant/2026.1/ispfpga\..\cae_library\synthesis\verilog\iCE40UP.v. VERI-1482
Analyzing Verilog file C:/lscc/radiant/2026.1/ispfpga\..\cae_library\simulation\verilog\iCE40UP\iCE40UP_sp.v. VERI-1482
Analyzing Verilog file C:/lscc/radiant/2026.1/ip/pmi/pmi_iCE40UP.v. VERI-1482
Analyzing Verilog file ../source/impl_1/lab3_ta.sv. VERI-1482
Analyzing Verilog file ../source/impl_1/lab1_ta_hex_seg_decoder.sv. VERI-1482
Analyzing Verilog file ../source/impl_1/lab2_ta_counter.sv. VERI-1482
Analyzing Verilog file ../source/impl_1/lab3_ta_scanner.sv. VERI-1482
Analyzing Verilog file ../source/impl_1/lab3_ta_sync.sv. VERI-1482
Analyzing Verilog file ../source/impl_1/lab3_ta_keypad_decoder.sv. VERI-1482
Analyzing Verilog file ../source/impl_1/lab3_ta_keypad_builder.sv. VERI-1482
Analyzing Verilog file ../source/impl_1/lab3_ta_digit_sr.sv. VERI-1482
Analyzing Verilog file ../source/impl_1/lab3_ta_controller.sv. VERI-1482
Analyzing Verilog file ../source/impl_1/lab3_ta_scanner_tb.sv. VERI-1482
Analyzing Verilog file ../source/impl_1/lab3_ta_sync_tb.sv. VERI-1482
Analyzing Verilog file ../source/impl_1/lab3_ta_digit_sr_tb.sv. VERI-1482
Analyzing Verilog file ../source/impl_1/lab3_ta_keypad_builder_tb.sv. VERI-1482
Analyzing Verilog file ../source/impl_1/lab3_ta_keypad_decoder_tb.sv. VERI-1482
Analyzing Verilog file ../source/impl_1/lab3_ta_savedkey_sr.sv. VERI-1482
Analyzing Verilog file ../source/impl_1/lab3_ta_savedkey_sr_tb.sv. VERI-1482
Analyzing Verilog file ../source/impl_1/lab3_ta_controller_tb.sv. VERI-1482
Analyzing Verilog file ../source/impl_1/lab3_ta_top_tb.sv. VERI-1482
Top module name (Verilog): lab3_ta
INFO <35901018> - ../source/impl_1/lab3_ta.sv(5): compiling module lab3_ta. VERI-1018
INFO <35901018> - C:/lscc/radiant/2026.1/ispfpga\..\cae_library\synthesis\verilog\iCE40UP.v(756): compiling module HSOSC(CLKHF_DIV=2&apos;b01). VERI-1018
INFO <35901018> - ../source/impl_1/lab3_ta_sync.sv(6): compiling module lab3_ta_sync. VERI-1018
INFO <35901018> - ../source/impl_1/lab3_ta_scanner.sv(6): compiling module lab3_ta_scanner. VERI-1018
INFO <35901018> - ../source/impl_1/lab2_ta_counter.sv(5): compiling module lab2_ta_counter(WIDTH=17,MAX_COUNT=95999). VERI-1018
INFO <35901018> - ../source/impl_1/lab3_ta_keypad_builder.sv(6): compiling module lab3_ta_keypad_builder. VERI-1018
INFO <35901018> - ../source/impl_1/lab3_ta_keypad_decoder.sv(6): compiling module lab3_ta_keypad_decoder. VERI-1018
INFO <35901018> - ../source/impl_1/lab2_ta_counter.sv(5): compiling module lab2_ta_counter(WIDTH=18,MAX_COUNT=239999). VERI-1018
INFO <35901018> - ../source/impl_1/lab3_ta_controller.sv(5): compiling module lab3_ta_controller. VERI-1018
INFO <35901018> - ../source/impl_1/lab3_ta_digit_sr.sv(6): compiling module lab3_ta_digit_sr. VERI-1018
INFO <35901018> - ../source/impl_1/lab3_ta_savedkey_sr.sv(5): compiling module lab3_ta_savedkey_sr. VERI-1018
INFO <35901018> - ../source/impl_1/lab2_ta_counter.sv(5): compiling module lab2_ta_counter(WIDTH=18,MAX_COUNT=200000). VERI-1018
INFO <35901018> - ../source/impl_1/lab1_ta_hex_seg_decoder.sv(5): compiling module lab1_ta_hex_seg_decoder. VERI-1018
[Parameter Setting Section Start]

	[Parameter Settings for top-level module]
	(Module: lab3_ta)
		DB_WIDTH                  18
		DB_MAX_COUNT              239999
		HEX_WIDTH                 18
		HEX_MAX_COUNT             200000
		SCAN_WIDTH                17
		SCAN_MAX_COUNT            95999

	[Parameter Settings for Instance(s): hf_osc]
	(Module: HSOSC)
		CLKHF_DIV                 2'b01

	[Parameter Settings for Instance(s): i_SCANNER]
	(Module: lab3_ta_scanner)
		SCAN_WIDTH                17
		SCAN_MAX_COUNT            95999

	[Parameter Settings for Instance(s): i_DB_COUNTER]
	(Module: lab2_ta_counter)
		WIDTH                     18
		MAX_COUNT                 239999

	[Parameter Settings for Instance(s): i_HEX_COUNTER]
	(Module: lab2_ta_counter)
		WIDTH                     18
		MAX_COUNT                 200000

	[Parameter Settings for Instance(s): i_SCAN_COUNTER]
	(Module: lab2_ta_counter)
		WIDTH                     17
		MAX_COUNT                 95999

[Parameter Setting Section End]
INFO <35001774> - Extracted state machine for register '\i_CONTROLLER/state' with one-hot encoding
State machine has 7 reachable states with original encodings of:

 000 

 001 

 010 

 011 

 100 

 101 

 110 

original encoding -> new encoding (one-hot encoding)

 000 -> 0000001

 001 -> 0000010

 010 -> 0000100

 011 -> 0001000

 100 -> 0010000

 101 -> 0100000

 110 -> 1000000




WARNING <35002062> - Port rejected for I/O register mapping: reset
WARNING <35002062> - Port rejected for I/O register mapping: enable
INFO <35002061> - Port accepted for I/O register mapping: col_raw[3]
INFO <35002061> - Port accepted for I/O register mapping: col_raw[2]
INFO <35002061> - Port accepted for I/O register mapping: col_raw[1]
INFO <35002061> - Port accepted for I/O register mapping: col_raw[0]
WARNING <35002062> - Port rejected for I/O register mapping: row_out[3]
WARNING <35002062> - Port rejected for I/O register mapping: row_out[2]
WARNING <35002062> - Port rejected for I/O register mapping: row_out[1]
WARNING <35002062> - Port rejected for I/O register mapping: row_out[0]
WARNING <35002062> - Port rejected for I/O register mapping: anode[1]
WARNING <35002062> - Port rejected for I/O register mapping: anode[0]
WARNING <35002062> - Port rejected for I/O register mapping: seg[6]
WARNING <35002062> - Port rejected for I/O register mapping: seg[5]
WARNING <35002062> - Port rejected for I/O register mapping: seg[4]
WARNING <35002062> - Port rejected for I/O register mapping: seg[3]
WARNING <35002062> - Port rejected for I/O register mapping: seg[2]
WARNING <35002062> - Port rejected for I/O register mapping: seg[1]
WARNING <35002062> - Port rejected for I/O register mapping: seg[0]
INFO <35002039> - Special Primitives IFD1P3AZ and OFD1P3AZ for ThunderPlus are synthesized using IOL_B.

################### Begin Area Report (lab3_ta)######################
Number of register bits => 94 of 5280 (1 % )
CCU2 => 29
FD1P3XZ => 94
HSOSC_CORE => 1
IB => 6
IOL_B => 4
LUT4 => 240
OB => 13
################### End Area Report ##################
Number of odd-length carry chains : 1
Number of even-length carry chains : 2

################### Begin Clock Report ######################
Clock Nets
Number of Clocks: 1
  Net : int_osc, loads : 0
Clock Enable Nets
Number of Clock Enables: 0
Highest fanout non-clock nets
Top 10 highest fanout non-clock nets:
  Net : i_HEX_COUNTER/shift_enable_N_211, loads : 54
  Net : db_done_N_209, loads : 26
  Net : i_CONTROLLER/scan_enable, loads : 23
  Net : i_HEX_COUNTER/n35, loads : 23
  Net : i_SCANNER/i_SCAN_COUNTER/n3202, loads : 23
  Net : i_CONTROLLER/db_reset, loads : 21
  Net : i_KEYPAD_BUILDER/n883, loads : 20
  Net : i_KEYPAD_BUILDER/n939, loads : 20
  Net : enable_c, loads : 18
  Net : s[3], loads : 18
################### End Clock Report ##################

################### Begin Constraint Report ######################
Constraint Summary:
  Total number of constraints: 0
  Total number of constraints dropped: 0
###################  End Constraint Report  ######################

Peak Memory Usage: 92 MB

--------------------------------------------------------------
Total CPU Time: 1 secs 
Total REAL Time: 4 secs 
--------------------------------------------------------------
Checksum -- synthesis -- netlist: bb56b461e96c2af17f381541d5a099018d988



postsyn -a iCE40UP -p iCE40UP5K -t SG48 -sp High-Performance_1.2V -oc Industrial -top -w -o Lab3_impl_1_syn.udb Lab3_impl_1.vm -ldc Lab3_impl_1.ldc
POSTSYN: Post Synthesis Process Radiant Software (64-bit) 2026.1.0.37.0
Command Line: postsyn -a iCE40UP -p iCE40UP5K -t SG48 -sp High-Performance_1.2V -oc Industrial -top -w -o Lab3_impl_1_syn.udb -ldc Lab3_impl_1.ldc -gui -msgset C:/Users/thanderson/Documents/GitHub/E155-Lab3/FPGA/Radiant_Project/Lab3/promote.xml Lab3_impl_1.vm 
   Architecture:     iCE40UP
   Device:           iCE40UP5K
   Package:          SG48
   Performance:      High-Performance_1.2V
Reading input file 'Lab3_impl_1.vm' ...
CPU Time to convert: 0.078125
REAL Time to convert: 0
convert PEAK Memory Usage: 35 MB
convert CURRENT Memory Usage: 35 MB
Reading constraint file 'Lab3_impl_1.ldc' ...
Removing unused logic ...
Starting design annotation....
 
Constraint Summary:
   Total number of constraints: 2
   Total number of constraints dropped: 0
 
Writing output file 'Lab3_impl_1_syn.udb'.
POSTSYN finished successfully.
Total CPU Time: 0 secs 
Total REAL Time: 0 secs 
Peak Memory Usage: 43 MB
Checksum -- postsyn: 9eff8da9f5d1b12f697798b295dd70ef3a5b7c46



pnmainc -log pnmain "Lab3_impl_1_map.tcl"
map:  version Radiant Software (64-bit) 2026.1.0.37.0

Copyright (c) 1991-1994 by NeoCAD Inc. All rights reserved.
Copyright (c) 1995 AT&T Corp.   All rights reserved.
Copyright (c) 1995-2001 Lucent Technologies Inc.  All rights reserved.
Copyright (c) 2001 Agere Systems   All rights reserved.
Copyright (c) 2002-2026 Lattice Semiconductor Corporation,  All rights reserved.

Command line:   map -pdc C:/Users/thanderson/Documents/GitHub/E155-Lab3/FPGA/Radiant_Project/Lab3/lab3_final.pdc -i Lab3_impl_1_syn.udb -o Lab3_impl_1_map.udb -mp Lab3_impl_1.mrp -hierrpt -gui -msgset C:/Users/thanderson/Documents/GitHub/E155-Lab3/FPGA/Radiant_Project/Lab3/promote.xml 

Loading device for application GENERIC from file 'itpa08.nph' in environment: C:/lscc/radiant/2026.1/ispfpga.
Package Status:                     Preliminary    Version 1.5.



Design:  lab3_ta
Family:  iCE40UP
Device:  iCE40UP5K
Package: SG48
Performance Grade:  High-Performance_1.2V

Running general design DRC...




Design Summary:
   Number of slice registers:  94 out of  5280 (2%)
   Number of I/O registers:      4 out of   117 (3%)
   Number of LUT4s:           308 out of  5280 (6%)
      Number of logic LUT4s:             240
      Number of inserted feedthru LUT4s:   9
      Number of replicated LUT4s:          1
      Number of ripple logic:             29 (58 LUT4s)
   Number of IO sites used:   19 out of 39 (49%)
      Number of IO sites used for general PIO: 19
      Number of IO sites used for I3C: 0 out of 2 (0%)
      (note: If I3C is not used, its site can be used as general PIO)
      Number of IO sites used for PIO+I3C: 19 out of 36 (53%)
      Number of IO sites used for OD+RGB IO buffers: 0 out of 3 (0%)
      (note: If RGB LED drivers are not used, sites can be used as OD outputs,
       see TN1288 iCE40 LED Driver Usage Guide)
      Number of IO sites used for PIO+I3C+OD+RGB: 19 out of 39 (49%)
   Number of DSPs:             0 out of 8 (0%)
   Number of I2Cs:             0 out of 2 (0%)
   Number of High Speed OSCs:  1 out of 1 (100%)
   Number of Low Speed OSCs:   0 out of 1 (0%)
   Number of RGB PWM:          0 out of 1 (0%)
   Number of RGB Drivers:      0 out of 1 (0%)
   Number of SCL FILTERs:      0 out of 2 (0%)
   Number of SRAMs:            0 out of 4 (0%)
   Number of WARMBOOTs:        0 out of 1 (0%)
   Number of SPIs:             0 out of 2 (0%)
   Number of EBRs:             0 out of 30 (0%)
   Number of PLLs:             0 out of 1 (0%)
   Number of Clocks:  1
      Net int_osc: 98 loads, 98 rising, 0 falling (Driver: Pin hf_osc/CLKHF)
   Number of Clock Enables:  6
      Net VCC_net: 1 loads, 0 SLICEs
      Pin enable: 18 loads, 18 SLICEs (Net: enable_c)
      Net scan_enable: 17 loads, 17 SLICEs
      Net db_reset: 18 loads, 18 SLICEs
      Net save_enable: 4 loads, 4 SLICEs
      Net shift_enable: 8 loads, 8 SLICEs
   Number of LSRs:  3
      Net shift_enable_N_211: 55 loads, 55 SLICEs
      Net i_DB_COUNTER.db_counter_0__N_126: 18 loads, 18 SLICEs
      Net i_SCANNER.i_SCAN_COUNTER.scan_reset_master: 17 loads, 17 SLICEs
   Top 10 highest fanout non-clock nets:
      Net shift_enable_N_211: 55 loads
      Net scan_enable: 24 loads
      Net db_reset: 22 loads
      Net db_done_N_209: 20 loads
      Net enable_c: 18 loads
      Net i_DB_COUNTER.db_counter_0__N_126: 18 loads
      Net i_HEX_COUNTER.n35: 18 loads
      Net row_scan_idx[0]: 18 loads
      Net i_SCANNER.i_SCAN_COUNTER.n3202: 17 loads
      Net i_SCANNER.i_SCAN_COUNTER.scan_reset_master: 17 loads
Running physical design DRC...

 


   Number of warnings:  0
   Number of criticals: 0
   Number of errors:    0

Constraint Summary:
   Total number of constraints: 21
   Total number of constraints dropped: 0


Total CPU Time: 0 secs  
Total REAL Time: 0 secs  
Peak Memory Usage: 70 MB

Checksum -- map: 68efb4b74a7fb1b7741e0ae0a930c40debf94750
**** CMD map_run - CPU/Elapsed: 0 secs / 0 secs , MEM/Increased: 59.593 Mb/ 0.168 Mb, DATE: 21:42:23 09/21/26
Thank you for using Radiant. Total CPU/Elapsed time: 0 secs /0 secs 

pnmainc -log pnmain "Lab3_impl_1_par.tcl"
