
                         Lattice Mapping Report File

Design:  lab3_ta
Family:  iCE40UP
Device:  iCE40UP5K
Package: SG48
Performance Grade:  High-Performance_1.2V

Mapper:    version Radiant Software (64-bit) 2026.1.0.37.0
Mapped on: Sat Sep 19 18:04:19 2026

Design Information
------------------

Command line:   map -i Lab3_impl_1_syn.udb -o Lab3_impl_1_map.udb -mp
     Lab3_impl_1.mrp -hierrpt -gui -msgset C:/Users/thanderson/Documents/GitHub/
     E155-Lab3/FPGA/Radiant_Project/Lab3/promote.xml

Design Summary
--------------

   Number of slice registers:  94 out of  5280 (2%)
   Number of I/O registers:      4 out of   117 (3%)
   Number of LUT4s:           313 out of  5280 (6%)
      Number of logic LUT4s:             246
      Number of inserted feedthru LUT4s:   9
      Number of ripple logic:             29 (58 LUT4s)
   Number of IO sites used:   19 out of 39 (49%)
      Number of IO sites used for general PIO: 19
      Number of IO sites used for I3C: 0 out of 2 (0%)
      (note: If I3C is not used, its site can be used as general PIO)
      Number of IO sites used for PIO+I3C: 19 out of 36 (53%)
      Number of IO sites used for OD+RGB IO buffers: 0 out of 3 (0%)
      (note: If RGB LED drivers are not used, sites can be used as OD outputs,
       see TN1288 iCE40 LED Driver Usage Guide)
      Number of IO sites used for PIO+I3C+OD+RGB: 19 out of 39 (49%)
   Number of DSPs:             0 out of 8 (0%)
   Number of I2Cs:             0 out of 2 (0%)
   Number of High Speed OSCs:  1 out of 1 (100%)
   Number of Low Speed OSCs:   0 out of 1 (0%)
   Number of RGB PWM:          0 out of 1 (0%)
   Number of RGB Drivers:      0 out of 1 (0%)
   Number of SCL FILTERs:      0 out of 2 (0%)
   Number of SRAMs:            0 out of 4 (0%)
   Number of WARMBOOTs:        0 out of 1 (0%)
   Number of SPIs:             0 out of 2 (0%)
   Number of EBRs:             0 out of 30 (0%)
   Number of PLLs:             0 out of 1 (0%)
   Number of Clocks:  1
      Net int_osc: 98 loads, 98 rising, 0 falling (Driver: Pin hf_osc/CLKHF)
   Number of Clock Enables:  6
      Net VCC_net: 1 loads, 0 SLICEs
      Net db_reset: 18 loads, 18 SLICEs
      Net scan_enable: 17 loads, 17 SLICEs
      Net n1092: 8 loads, 8 SLICEs
      Net n1086: 4 loads, 4 SLICEs
      Pin enable: 18 loads, 18 SLICEs (Net: enable_c)
   Number of LSRs:  3
      Net i_DB_COUNTER.db_counter_0__N_94: 18 loads, 18 SLICEs
      Net i_SCANNER.i_SCAN_COUNTER.scan_reset_master: 17 loads, 17 SLICEs
      Net hex_counter_5__N_120: 35 loads, 35 SLICEs

                                    Page 1





Design Summary (cont)
---------------------
   Top 10 highest fanout non-clock nets:
      Net hex_counter_5__N_120: 35 loads
      Net reset_c: 24 loads
      Net scan_enable: 24 loads
      Net db_reset: 22 loads
      Net db_done_N_177: 20 loads
      Net enable_c: 18 loads
      Net i_DB_COUNTER.db_counter_0__N_94: 18 loads
      Net i_HEX_COUNTER.n35: 18 loads
      Net i_SCANNER.i_SCAN_COUNTER.n33: 17 loads
      Net i_SCANNER.i_SCAN_COUNTER.scan_reset_master: 17 loads





   Number of warnings:  0
   Number of criticals: 0
   Number of errors:    0

Design Errors/Criticals/Warnings
--------------------------------

   No error, critical, or warning presents.

IO (PIO) Attributes
-------------------

+---------------------+-----------+-----------+-------+-------+-----------+
| IO Name             | Direction | Levelmode |  IO   |  IO   | Special   |
|                     |           |  IO_TYPE  |  REG  |  DDR  | IO Buffer |
+---------------------+-----------+-----------+-------+-------+-----------+
| reset               | INPUT     |           |       |       |           |
+---------------------+-----------+-----------+-------+-------+-----------+
| enable              | INPUT     |           |       |       |           |
+---------------------+-----------+-----------+-------+-------+-----------+
| col_raw[3]          | INPUT     |           | I     |       |           |
+---------------------+-----------+-----------+-------+-------+-----------+
| col_raw[2]          | INPUT     |           | I     |       |           |
+---------------------+-----------+-----------+-------+-------+-----------+
| col_raw[1]          | INPUT     |           | I     |       |           |
+---------------------+-----------+-----------+-------+-------+-----------+
| col_raw[0]          | INPUT     |           | I     |       |           |
+---------------------+-----------+-----------+-------+-------+-----------+
| row_out[3]          | OUTPUT    |           |       |       |           |
+---------------------+-----------+-----------+-------+-------+-----------+
| row_out[2]          | OUTPUT    |           |       |       |           |
+---------------------+-----------+-----------+-------+-------+-----------+
| row_out[1]          | OUTPUT    |           |       |       |           |
+---------------------+-----------+-----------+-------+-------+-----------+
| row_out[0]          | OUTPUT    |           |       |       |           |
+---------------------+-----------+-----------+-------+-------+-----------+
| anode[1]            | OUTPUT    |           |       |       |           |
+---------------------+-----------+-----------+-------+-------+-----------+
| anode[0]            | OUTPUT    |           |       |       |           |
+---------------------+-----------+-----------+-------+-------+-----------+
| seg[6]              | OUTPUT    |           |       |       |           |
+---------------------+-----------+-----------+-------+-------+-----------+

                                    Page 2





IO (PIO) Attributes (cont)
--------------------------
| seg[5]              | OUTPUT    |           |       |       |           |
+---------------------+-----------+-----------+-------+-------+-----------+
| seg[4]              | OUTPUT    |           |       |       |           |
+---------------------+-----------+-----------+-------+-------+-----------+
| seg[3]              | OUTPUT    |           |       |       |           |
+---------------------+-----------+-----------+-------+-------+-----------+
| seg[2]              | OUTPUT    |           |       |       |           |
+---------------------+-----------+-----------+-------+-------+-----------+
| seg[1]              | OUTPUT    |           |       |       |           |
+---------------------+-----------+-----------+-------+-------+-----------+
| seg[0]              | OUTPUT    |           |       |       |           |
+---------------------+-----------+-----------+-------+-------+-----------+

Removed logic
-------------

Block i1 was optimized away.

OSC Summary
-----------

OSC 1:                                 Pin/Node Value
  OSC Instance Name:                            hf_osc
  Power UP:                            NODE     VCC_net
  Enable Signal:                       NODE     VCC_net
  OSC Output:                          NODE     int_osc
  DIV Setting:                                  01

ASIC Components
---------------

Instance Name: hf_osc
         Type: HFOSC
Instance Name: i_SYNC/n1_i2
         Type: IOLOGIC
Instance Name: i_SYNC/n1_i1
         Type: IOLOGIC
Instance Name: i_SYNC/n1_i0
         Type: IOLOGIC
Instance Name: i_SYNC/n1_i3
         Type: IOLOGIC

Constraint Summary
------------------

   Total number of constraints: 2
   Total number of constraints dropped: 0

Run Time and Memory Usage
-------------------------

   Total CPU Time: 0 secs
   Total REAL Time: 0 secs
   Peak Memory Usage: 68 MB
Checksum -- map: f36a5ab4996d3f26522d20458cecef12c72c0616



                                    Page 3


Copyright (c) 1991-1994 by NeoCAD Inc. All rights reserved.
Copyright (c) 1995
     AT&T Corp.   All rights reserved.
Copyright (c) 1995-2001 Lucent
     Technologies Inc.  All rights reserved.
Copyright (c) 2001 Agere Systems
     All rights reserved.
Copyright (c) 2002-2026 Lattice Semiconductor
     Corporation,  All rights reserved.
