
                         Lattice Mapping Report File

Design:  keypad_display_top
Family:  iCE40UP
Device:  iCE40UP5K
Package: SG48
Performance Grade:  High-Performance_1.2V

Mapper:    version Radiant Software (64-bit) 2026.1.0.37.0
Mapped on: Tue Sep 22 15:31:14 2026

Design Information
------------------

Command line:   map -i ai_protoype_impl_1_syn.udb -o ai_protoype_impl_1_map.udb
     -mp ai_protoype_impl_1.mrp -hierrpt -gui -msgset C:/Users/thanderson/Docume
     nts/GitHub/E155-Lab3/FPGA/Radiant_Project/ai_protoype/promote.xml

Design Summary
--------------

   Number of slice registers:  61 out of  5280 (1%)
   Number of I/O registers:      0 out of   117 (0%)
   Number of LUT4s:           115 out of  5280 (2%)
      Number of logic LUT4s:              73
      Number of inserted feedthru LUT4s:   8
      Number of ripple logic:             17 (34 LUT4s)
   Number of IO sites used:   18 out of 39 (46%)
      Number of IO sites used for general PIO: 18
      Number of IO sites used for I3C: 0 out of 2 (0%)
      (note: If I3C is not used, its site can be used as general PIO)
      Number of IO sites used for PIO+I3C: 18 out of 36 (50%)
      Number of IO sites used for OD+RGB IO buffers: 0 out of 3 (0%)
      (note: If RGB LED drivers are not used, sites can be used as OD outputs,
       see TN1288 iCE40 LED Driver Usage Guide)
      Number of IO sites used for PIO+I3C+OD+RGB: 18 out of 39 (46%)
   Number of DSPs:             0 out of 8 (0%)
   Number of I2Cs:             0 out of 2 (0%)
   Number of High Speed OSCs:  1 out of 1 (100%)
   Number of Low Speed OSCs:   0 out of 1 (0%)
   Number of RGB PWM:          0 out of 1 (0%)
   Number of RGB Drivers:      0 out of 1 (0%)
   Number of SCL FILTERs:      0 out of 2 (0%)
   Number of SRAMs:            0 out of 4 (0%)
   Number of WARMBOOTs:        0 out of 1 (0%)
   Number of SPIs:             0 out of 2 (0%)
   Number of EBRs:             0 out of 30 (0%)
   Number of PLLs:             0 out of 1 (0%)
   Number of Clocks:  1
      Net clk: 46 loads, 46 rising, 0 falling (Driver: Pin hfosc_inst/CLKHF)
   Number of Clock Enables:  6
      Net VCC_net: 1 loads, 0 SLICEs
      Net n496: 8 loads, 8 SLICEs
      Net n493: 4 loads, 4 SLICEs
      Net n1147: 1 loads, 1 SLICEs
      Net n487: 1 loads, 1 SLICEs
      Net n494: 1 loads, 1 SLICEs
   Number of LSRs:  3
      Net n30: 18 loads, 18 SLICEs
      Net scan_rate.n78: 9 loads, 9 SLICEs
      Net display_rate.n81: 8 loads, 8 SLICEs

                                    Page 1





Design Summary (cont)
---------------------
   Top 10 highest fanout non-clock nets:
      Net reset_n_c: 20 loads
      Net n30: 18 loads
      Net col_idx[0]: 17 loads
      Net col_idx[1]: 16 loads
      Net scan_rate.n78: 9 loads
      Net display_rate.n81: 8 loads
      Net keypad_scanner.row_sync2[2]: 8 loads
      Net n496: 8 loads
      Net state: 8 loads
      Net digit_n_c: 7 loads





   Number of warnings:  0
   Number of criticals: 0
   Number of errors:    0

Design Errors/Criticals/Warnings
--------------------------------

   No error, critical, or warning presents.

IO (PIO) Attributes
-------------------

+---------------------+-----------+-----------+-------+-------+-----------+
| IO Name             | Direction | Levelmode |  IO   |  IO   | Special   |
|                     |           |  IO_TYPE  |  REG  |  DDR  | IO Buffer |
+---------------------+-----------+-----------+-------+-------+-----------+
| reset_n             | INPUT     |           |       |       |           |
+---------------------+-----------+-----------+-------+-------+-----------+
| keypad_row_n[3]     | INPUT     |           |       |       |           |
+---------------------+-----------+-----------+-------+-------+-----------+
| keypad_row_n[2]     | INPUT     |           |       |       |           |
+---------------------+-----------+-----------+-------+-------+-----------+
| keypad_row_n[1]     | INPUT     |           |       |       |           |
+---------------------+-----------+-----------+-------+-------+-----------+
| keypad_row_n[0]     | INPUT     |           |       |       |           |
+---------------------+-----------+-----------+-------+-------+-----------+
| keypad_col_n[3]     | OUTPUT    |           |       |       |           |
+---------------------+-----------+-----------+-------+-------+-----------+
| keypad_col_n[2]     | OUTPUT    |           |       |       |           |
+---------------------+-----------+-----------+-------+-------+-----------+
| keypad_col_n[1]     | OUTPUT    |           |       |       |           |
+---------------------+-----------+-----------+-------+-------+-----------+
| keypad_col_n[0]     | OUTPUT    |           |       |       |           |
+---------------------+-----------+-----------+-------+-------+-----------+
| seg_n[6]            | OUTPUT    |           |       |       |           |
+---------------------+-----------+-----------+-------+-------+-----------+
| seg_n[5]            | OUTPUT    |           |       |       |           |
+---------------------+-----------+-----------+-------+-------+-----------+
| seg_n[4]            | OUTPUT    |           |       |       |           |
+---------------------+-----------+-----------+-------+-------+-----------+
| seg_n[3]            | OUTPUT    |           |       |       |           |
+---------------------+-----------+-----------+-------+-------+-----------+

                                    Page 2





IO (PIO) Attributes (cont)
--------------------------
| seg_n[2]            | OUTPUT    |           |       |       |           |
+---------------------+-----------+-----------+-------+-------+-----------+
| seg_n[1]            | OUTPUT    |           |       |       |           |
+---------------------+-----------+-----------+-------+-------+-----------+
| seg_n[0]            | OUTPUT    |           |       |       |           |
+---------------------+-----------+-----------+-------+-------+-----------+
| digit_n[1]          | OUTPUT    |           |       |       |           |
+---------------------+-----------+-----------+-------+-------+-----------+
| digit_n[0]          | OUTPUT    |           |       |       |           |
+---------------------+-----------+-----------+-------+-------+-----------+

Removed logic
-------------

Block i1 was optimized away.

OSC Summary
-----------

OSC 1:                                 Pin/Node Value
  OSC Instance Name:                            hfosc_inst
  Power UP:                            NODE     VCC_net
  Enable Signal:                       NODE     VCC_net
  OSC Output:                          NODE     clk
  DIV Setting:                                  01

ASIC Components
---------------

Instance Name: hfosc_inst
         Type: HFOSC

Constraint Summary
------------------

   Total number of constraints: 2
   Total number of constraints dropped: 0

Run Time and Memory Usage
-------------------------

   Total CPU Time: 0 secs
   Total REAL Time: 0 secs
   Peak Memory Usage: 65 MB
Checksum -- map: 253419f76cc0c1dda25c0776d36d1466a270328













                                    Page 3


Copyright (c) 1991-1994 by NeoCAD Inc. All rights reserved.
Copyright (c) 1995
     AT&T Corp.   All rights reserved.
Copyright (c) 1995-2001 Lucent
     Technologies Inc.  All rights reserved.
Copyright (c) 2001 Agere Systems
     All rights reserved.
Copyright (c) 2002-2026 Lattice Semiconductor
     Corporation,  All rights reserved.
