-- Analyzing Verilog file 'C:/lscc/radiant/2026.1/cae_library/synthesis/verilog/iCE40UP.v' (VERI-1482)
-- Analyzing Verilog file 'C:/Users/thanderson/Documents/GitHub/E155-Lab3/FPGA/Radiant_Project/Lab3/source/impl_1/lab3_ta.sv' (VERI-1482)
-- Analyzing Verilog file 'C:/Users/thanderson/Documents/GitHub/E155-Lab3/FPGA/Radiant_Project/Lab3/source/impl_1/lab1_ta_hex_seg_decoder.sv' (VERI-1482)
-- Analyzing Verilog file 'C:/Users/thanderson/Documents/GitHub/E155-Lab3/FPGA/Radiant_Project/Lab3/source/impl_1/lab2_ta_counter.sv' (VERI-1482)
-- Analyzing Verilog file 'C:/Users/thanderson/Documents/GitHub/E155-Lab3/FPGA/Radiant_Project/Lab3/source/impl_1/lab3_ta_scanner.sv' (VERI-1482)
-- Analyzing Verilog file 'C:/Users/thanderson/Documents/GitHub/E155-Lab3/FPGA/Radiant_Project/Lab3/source/impl_1/lab3_ta_sync.sv' (VERI-1482)
-- Analyzing Verilog file 'C:/Users/thanderson/Documents/GitHub/E155-Lab3/FPGA/Radiant_Project/Lab3/source/impl_1/lab3_ta_keypad_decoder.sv' (VERI-1482)
-- Analyzing Verilog file 'C:/Users/thanderson/Documents/GitHub/E155-Lab3/FPGA/Radiant_Project/Lab3/source/impl_1/lab3_ta_keypad_builder.sv' (VERI-1482)
-- Analyzing Verilog file 'C:/Users/thanderson/Documents/GitHub/E155-Lab3/FPGA/Radiant_Project/Lab3/source/impl_1/lab3_ta_digit_sr.sv' (VERI-1482)
-- Analyzing Verilog file 'C:/Users/thanderson/Documents/GitHub/E155-Lab3/FPGA/Radiant_Project/Lab3/source/impl_1/lab3_ta_controller.sv' (VERI-1482)
-- Analyzing Verilog file 'C:/Users/thanderson/Documents/GitHub/E155-Lab3/FPGA/Radiant_Project/Lab3/source/impl_1/lab3_ta_scanner_tb.sv' (VERI-1482)
-- Analyzing Verilog file 'C:/lscc/radiant/2026.1/cae_library/synthesis/verilog/iCE40UP.v' (VERI-1482)
-- Analyzing Verilog file 'C:/Users/thanderson/Documents/GitHub/E155-Lab3/FPGA/Radiant_Project/Lab3/source/impl_1/lab3_ta.sv' (VERI-1482)
-- Analyzing Verilog file 'C:/Users/thanderson/Documents/GitHub/E155-Lab3/FPGA/Radiant_Project/Lab3/source/impl_1/lab1_ta_hex_seg_decoder.sv' (VERI-1482)
-- Analyzing Verilog file 'C:/Users/thanderson/Documents/GitHub/E155-Lab3/FPGA/Radiant_Project/Lab3/source/impl_1/lab2_ta_counter.sv' (VERI-1482)
-- Analyzing Verilog file 'C:/Users/thanderson/Documents/GitHub/E155-Lab3/FPGA/Radiant_Project/Lab3/source/impl_1/lab3_ta_scanner.sv' (VERI-1482)
-- Analyzing Verilog file 'C:/Users/thanderson/Documents/GitHub/E155-Lab3/FPGA/Radiant_Project/Lab3/source/impl_1/lab3_ta_sync.sv' (VERI-1482)
-- Analyzing Verilog file 'C:/Users/thanderson/Documents/GitHub/E155-Lab3/FPGA/Radiant_Project/Lab3/source/impl_1/lab3_ta_keypad_decoder.sv' (VERI-1482)
-- Analyzing Verilog file 'C:/Users/thanderson/Documents/GitHub/E155-Lab3/FPGA/Radiant_Project/Lab3/source/impl_1/lab3_ta_keypad_builder.sv' (VERI-1482)
-- Analyzing Verilog file 'C:/Users/thanderson/Documents/GitHub/E155-Lab3/FPGA/Radiant_Project/Lab3/source/impl_1/lab3_ta_digit_sr.sv' (VERI-1482)
-- Analyzing Verilog file 'C:/Users/thanderson/Documents/GitHub/E155-Lab3/FPGA/Radiant_Project/Lab3/source/impl_1/lab3_ta_controller.sv' (VERI-1482)
-- Analyzing Verilog file 'C:/Users/thanderson/Documents/GitHub/E155-Lab3/FPGA/Radiant_Project/Lab3/source/impl_1/lab3_ta_scanner_tb.sv' (VERI-1482)
-- Analyzing Verilog file 'C:/Users/thanderson/Documents/GitHub/E155-Lab3/FPGA/Radiant_Project/Lab3/source/impl_1/lab3_ta_sync_tb.sv' (VERI-1482)
-- Analyzing Verilog file 'C:/lscc/radiant/2026.1/cae_library/synthesis/verilog/iCE40UP.v' (VERI-1482)
-- Analyzing Verilog file 'C:/Users/thanderson/Documents/GitHub/E155-Lab3/FPGA/Radiant_Project/Lab3/source/impl_1/lab3_ta.sv' (VERI-1482)
-- Analyzing Verilog file 'C:/Users/thanderson/Documents/GitHub/E155-Lab3/FPGA/Radiant_Project/Lab3/source/impl_1/lab1_ta_hex_seg_decoder.sv' (VERI-1482)
-- Analyzing Verilog file 'C:/Users/thanderson/Documents/GitHub/E155-Lab3/FPGA/Radiant_Project/Lab3/source/impl_1/lab2_ta_counter.sv' (VERI-1482)
-- Analyzing Verilog file 'C:/Users/thanderson/Documents/GitHub/E155-Lab3/FPGA/Radiant_Project/Lab3/source/impl_1/lab3_ta_scanner.sv' (VERI-1482)
-- Analyzing Verilog file 'C:/Users/thanderson/Documents/GitHub/E155-Lab3/FPGA/Radiant_Project/Lab3/source/impl_1/lab3_ta_sync.sv' (VERI-1482)
-- Analyzing Verilog file 'C:/Users/thanderson/Documents/GitHub/E155-Lab3/FPGA/Radiant_Project/Lab3/source/impl_1/lab3_ta_keypad_decoder.sv' (VERI-1482)
-- Analyzing Verilog file 'C:/Users/thanderson/Documents/GitHub/E155-Lab3/FPGA/Radiant_Project/Lab3/source/impl_1/lab3_ta_keypad_builder.sv' (VERI-1482)
-- Analyzing Verilog file 'C:/Users/thanderson/Documents/GitHub/E155-Lab3/FPGA/Radiant_Project/Lab3/source/impl_1/lab3_ta_digit_sr.sv' (VERI-1482)
-- Analyzing Verilog file 'C:/Users/thanderson/Documents/GitHub/E155-Lab3/FPGA/Radiant_Project/Lab3/source/impl_1/lab3_ta_controller.sv' (VERI-1482)
-- Analyzing Verilog file 'C:/Users/thanderson/Documents/GitHub/E155-Lab3/FPGA/Radiant_Project/Lab3/source/impl_1/lab3_ta_scanner_tb.sv' (VERI-1482)
-- Analyzing Verilog file 'C:/Users/thanderson/Documents/GitHub/E155-Lab3/FPGA/Radiant_Project/Lab3/source/impl_1/lab3_ta_sync_tb.sv' (VERI-1482)
-- Analyzing Verilog file 'C:/lscc/radiant/2026.1/cae_library/synthesis/verilog/iCE40UP.v' (VERI-1482)
-- Analyzing Verilog file 'C:/Users/thanderson/Documents/GitHub/E155-Lab3/FPGA/Radiant_Project/Lab3/source/impl_1/lab3_ta.sv' (VERI-1482)
-- Analyzing Verilog file 'C:/Users/thanderson/Documents/GitHub/E155-Lab3/FPGA/Radiant_Project/Lab3/source/impl_1/lab1_ta_hex_seg_decoder.sv' (VERI-1482)
-- Analyzing Verilog file 'C:/Users/thanderson/Documents/GitHub/E155-Lab3/FPGA/Radiant_Project/Lab3/source/impl_1/lab2_ta_counter.sv' (VERI-1482)
-- Analyzing Verilog file 'C:/Users/thanderson/Documents/GitHub/E155-Lab3/FPGA/Radiant_Project/Lab3/source/impl_1/lab3_ta_scanner.sv' (VERI-1482)
-- Analyzing Verilog file 'C:/Users/thanderson/Documents/GitHub/E155-Lab3/FPGA/Radiant_Project/Lab3/source/impl_1/lab3_ta_sync.sv' (VERI-1482)
-- Analyzing Verilog file 'C:/Users/thanderson/Documents/GitHub/E155-Lab3/FPGA/Radiant_Project/Lab3/source/impl_1/lab3_ta_keypad_decoder.sv' (VERI-1482)
-- Analyzing Verilog file 'C:/Users/thanderson/Documents/GitHub/E155-Lab3/FPGA/Radiant_Project/Lab3/source/impl_1/lab3_ta_keypad_builder.sv' (VERI-1482)
-- Analyzing Verilog file 'C:/Users/thanderson/Documents/GitHub/E155-Lab3/FPGA/Radiant_Project/Lab3/source/impl_1/lab3_ta_digit_sr.sv' (VERI-1482)
-- Analyzing Verilog file 'C:/Users/thanderson/Documents/GitHub/E155-Lab3/FPGA/Radiant_Project/Lab3/source/impl_1/lab3_ta_controller.sv' (VERI-1482)
-- Analyzing Verilog file 'C:/Users/thanderson/Documents/GitHub/E155-Lab3/FPGA/Radiant_Project/Lab3/source/impl_1/lab3_ta_scanner_tb.sv' (VERI-1482)
-- Analyzing Verilog file 'C:/Users/thanderson/Documents/GitHub/E155-Lab3/FPGA/Radiant_Project/Lab3/source/impl_1/lab3_ta_sync_tb.sv' (VERI-1482)
-- Analyzing Verilog file 'C:/Users/thanderson/Documents/GitHub/E155-Lab3/FPGA/Radiant_Project/Lab3/source/impl_1/lab3_ta_digit_sr_tb.sv' (VERI-1482)
-- Analyzing Verilog file 'C:/lscc/radiant/2026.1/cae_library/synthesis/verilog/iCE40UP.v' (VERI-1482)
-- Analyzing Verilog file 'C:/Users/thanderson/Documents/GitHub/E155-Lab3/FPGA/Radiant_Project/Lab3/source/impl_1/lab3_ta.sv' (VERI-1482)
-- Analyzing Verilog file 'C:/Users/thanderson/Documents/GitHub/E155-Lab3/FPGA/Radiant_Project/Lab3/source/impl_1/lab1_ta_hex_seg_decoder.sv' (VERI-1482)
-- Analyzing Verilog file 'C:/Users/thanderson/Documents/GitHub/E155-Lab3/FPGA/Radiant_Project/Lab3/source/impl_1/lab2_ta_counter.sv' (VERI-1482)
-- Analyzing Verilog file 'C:/Users/thanderson/Documents/GitHub/E155-Lab3/FPGA/Radiant_Project/Lab3/source/impl_1/lab3_ta_scanner.sv' (VERI-1482)
-- Analyzing Verilog file 'C:/Users/thanderson/Documents/GitHub/E155-Lab3/FPGA/Radiant_Project/Lab3/source/impl_1/lab3_ta_sync.sv' (VERI-1482)
-- Analyzing Verilog file 'C:/Users/thanderson/Documents/GitHub/E155-Lab3/FPGA/Radiant_Project/Lab3/source/impl_1/lab3_ta_keypad_decoder.sv' (VERI-1482)
-- Analyzing Verilog file 'C:/Users/thanderson/Documents/GitHub/E155-Lab3/FPGA/Radiant_Project/Lab3/source/impl_1/lab3_ta_keypad_builder.sv' (VERI-1482)
-- Analyzing Verilog file 'C:/Users/thanderson/Documents/GitHub/E155-Lab3/FPGA/Radiant_Project/Lab3/source/impl_1/lab3_ta_digit_sr.sv' (VERI-1482)
-- Analyzing Verilog file 'C:/Users/thanderson/Documents/GitHub/E155-Lab3/FPGA/Radiant_Project/Lab3/source/impl_1/lab3_ta_controller.sv' (VERI-1482)
-- Analyzing Verilog file 'C:/Users/thanderson/Documents/GitHub/E155-Lab3/FPGA/Radiant_Project/Lab3/source/impl_1/lab3_ta_scanner_tb.sv' (VERI-1482)
-- Analyzing Verilog file 'C:/Users/thanderson/Documents/GitHub/E155-Lab3/FPGA/Radiant_Project/Lab3/source/impl_1/lab3_ta_sync_tb.sv' (VERI-1482)
-- Analyzing Verilog file 'C:/Users/thanderson/Documents/GitHub/E155-Lab3/FPGA/Radiant_Project/Lab3/source/impl_1/lab3_ta_digit_sr_tb.sv' (VERI-1482)
-- Analyzing Verilog file 'C:/Users/thanderson/Documents/GitHub/E155-Lab3/FPGA/Radiant_Project/Lab3/source/impl_1/lab3_ta_keypad_builder_tb.sv' (VERI-1482)
-- Analyzing Verilog file 'C:/lscc/radiant/2026.1/cae_library/synthesis/verilog/iCE40UP.v' (VERI-1482)
-- Analyzing Verilog file 'C:/Users/thanderson/Documents/GitHub/E155-Lab3/FPGA/Radiant_Project/Lab3/source/impl_1/lab3_ta.sv' (VERI-1482)
-- Analyzing Verilog file 'C:/Users/thanderson/Documents/GitHub/E155-Lab3/FPGA/Radiant_Project/Lab3/source/impl_1/lab1_ta_hex_seg_decoder.sv' (VERI-1482)
-- Analyzing Verilog file 'C:/Users/thanderson/Documents/GitHub/E155-Lab3/FPGA/Radiant_Project/Lab3/source/impl_1/lab2_ta_counter.sv' (VERI-1482)
-- Analyzing Verilog file 'C:/Users/thanderson/Documents/GitHub/E155-Lab3/FPGA/Radiant_Project/Lab3/source/impl_1/lab3_ta_scanner.sv' (VERI-1482)
-- Analyzing Verilog file 'C:/Users/thanderson/Documents/GitHub/E155-Lab3/FPGA/Radiant_Project/Lab3/source/impl_1/lab3_ta_sync.sv' (VERI-1482)
-- Analyzing Verilog file 'C:/Users/thanderson/Documents/GitHub/E155-Lab3/FPGA/Radiant_Project/Lab3/source/impl_1/lab3_ta_keypad_decoder.sv' (VERI-1482)
-- Analyzing Verilog file 'C:/Users/thanderson/Documents/GitHub/E155-Lab3/FPGA/Radiant_Project/Lab3/source/impl_1/lab3_ta_keypad_builder.sv' (VERI-1482)
-- Analyzing Verilog file 'C:/Users/thanderson/Documents/GitHub/E155-Lab3/FPGA/Radiant_Project/Lab3/source/impl_1/lab3_ta_digit_sr.sv' (VERI-1482)
-- Analyzing Verilog file 'C:/Users/thanderson/Documents/GitHub/E155-Lab3/FPGA/Radiant_Project/Lab3/source/impl_1/lab3_ta_controller.sv' (VERI-1482)
-- Analyzing Verilog file 'C:/Users/thanderson/Documents/GitHub/E155-Lab3/FPGA/Radiant_Project/Lab3/source/impl_1/lab3_ta_scanner_tb.sv' (VERI-1482)
-- Analyzing Verilog file 'C:/Users/thanderson/Documents/GitHub/E155-Lab3/FPGA/Radiant_Project/Lab3/source/impl_1/lab3_ta_sync_tb.sv' (VERI-1482)
-- Analyzing Verilog file 'C:/Users/thanderson/Documents/GitHub/E155-Lab3/FPGA/Radiant_Project/Lab3/source/impl_1/lab3_ta_digit_sr_tb.sv' (VERI-1482)
-- Analyzing Verilog file 'C:/Users/thanderson/Documents/GitHub/E155-Lab3/FPGA/Radiant_Project/Lab3/source/impl_1/lab3_ta_keypad_builder_tb.sv' (VERI-1482)
-- Analyzing Verilog file 'C:/Users/thanderson/Documents/GitHub/E155-Lab3/FPGA/Radiant_Project/Lab3/source/impl_1/lab3_ta_keypad_decoder_tb.sv' (VERI-1482)
-- Analyzing Verilog file 'C:/lscc/radiant/2026.1/cae_library/synthesis/verilog/iCE40UP.v' (VERI-1482)
-- Analyzing Verilog file 'C:/Users/thanderson/Documents/GitHub/E155-Lab3/FPGA/Radiant_Project/Lab3/source/impl_1/lab3_ta.sv' (VERI-1482)
-- Analyzing Verilog file 'C:/Users/thanderson/Documents/GitHub/E155-Lab3/FPGA/Radiant_Project/Lab3/source/impl_1/lab1_ta_hex_seg_decoder.sv' (VERI-1482)
-- Analyzing Verilog file 'C:/Users/thanderson/Documents/GitHub/E155-Lab3/FPGA/Radiant_Project/Lab3/source/impl_1/lab2_ta_counter.sv' (VERI-1482)
-- Analyzing Verilog file 'C:/Users/thanderson/Documents/GitHub/E155-Lab3/FPGA/Radiant_Project/Lab3/source/impl_1/lab3_ta_scanner.sv' (VERI-1482)
-- Analyzing Verilog file 'C:/Users/thanderson/Documents/GitHub/E155-Lab3/FPGA/Radiant_Project/Lab3/source/impl_1/lab3_ta_sync.sv' (VERI-1482)
-- Analyzing Verilog file 'C:/Users/thanderson/Documents/GitHub/E155-Lab3/FPGA/Radiant_Project/Lab3/source/impl_1/lab3_ta_keypad_decoder.sv' (VERI-1482)
-- Analyzing Verilog file 'C:/Users/thanderson/Documents/GitHub/E155-Lab3/FPGA/Radiant_Project/Lab3/source/impl_1/lab3_ta_keypad_builder.sv' (VERI-1482)
-- Analyzing Verilog file 'C:/Users/thanderson/Documents/GitHub/E155-Lab3/FPGA/Radiant_Project/Lab3/source/impl_1/lab3_ta_digit_sr.sv' (VERI-1482)
-- Analyzing Verilog file 'C:/Users/thanderson/Documents/GitHub/E155-Lab3/FPGA/Radiant_Project/Lab3/source/impl_1/lab3_ta_controller.sv' (VERI-1482)
-- Analyzing Verilog file 'C:/Users/thanderson/Documents/GitHub/E155-Lab3/FPGA/Radiant_Project/Lab3/source/impl_1/lab3_ta_scanner_tb.sv' (VERI-1482)
-- Analyzing Verilog file 'C:/Users/thanderson/Documents/GitHub/E155-Lab3/FPGA/Radiant_Project/Lab3/source/impl_1/lab3_ta_sync_tb.sv' (VERI-1482)
-- Analyzing Verilog file 'C:/Users/thanderson/Documents/GitHub/E155-Lab3/FPGA/Radiant_Project/Lab3/source/impl_1/lab3_ta_digit_sr_tb.sv' (VERI-1482)
-- Analyzing Verilog file 'C:/Users/thanderson/Documents/GitHub/E155-Lab3/FPGA/Radiant_Project/Lab3/source/impl_1/lab3_ta_keypad_builder_tb.sv' (VERI-1482)
-- Analyzing Verilog file 'C:/Users/thanderson/Documents/GitHub/E155-Lab3/FPGA/Radiant_Project/Lab3/source/impl_1/lab3_ta_keypad_decoder_tb.sv' (VERI-1482)
-- Analyzing Verilog file 'C:/Users/thanderson/Documents/GitHub/E155-Lab3/FPGA/Radiant_Project/Lab3/source/impl_1/lab3_ta_savedkey_sr.sv' (VERI-1482)
-- Analyzing Verilog file 'C:/Users/thanderson/Documents/GitHub/E155-Lab3/FPGA/Radiant_Project/Lab3/source/impl_1/lab3_ta_savedkey_sr_tb.sv' (VERI-1482)
