# *** Summary *********************************************
#     qrun: Errors:   0, Warnings:   0
#     vlog: Errors:   0, Warnings:   0
#     vopt: Errors:   0, Warnings:   3
#   Totals: Errors:   0, Warnings:   3
# ** Note: (vsim-220) 'C:/lscc/radiant/2026.1/questasim/win64/../modelsim.ini' is used as the ini file.
# vsim -L work -L pmi_work -L ovi_ice40up -lib qrun.out/work -wlf vsim.wlf -gui -do "view wave" -do "add wave /*" -do "run -all" -statslog qrun.out/stats_log qrun_opt -suppress vsim-7033,vsim-8630,3009,3389 -appendlog -l qrun.log 
# Start time: 17:21:15 on Sep 20,2026
# Loading sv_std.std
# Loading work.lab3_ta_scanner_tb(fast)
# Loading work.lab3_ta_scanner(fast)
# Loading work.lab2_ta_counter(fast)
# view wave
# .main_pane.wave.interior.cs.body.pw.wf
# add wave /*
# run -all
# Passed row 0 start at time: 21.
# Passed no tick at count 1.
# Passed row 0 scan tick at time: 36.
# Passed row 1 start at time: 46.
# Passed row 1 scan tick at time: 66.
# Passed row 2 start at time: 76.
# Passed row 2 scan tick at time: 96.
# Passed row 3 start at time: 106.
# Passed row 3 scan tick at time: 126.
# Passed scanner wraparound at time: 136.
# Passed scanner enable freeze at time: 166.
# Scanner testbench complete.
# ** Note: $stop    : C:/Users/thanderson/Documents/GitHub/E155-Lab3/FPGA/Radiant_Project/Lab3/source/impl_1/lab3_ta_scanner_tb.sv(155)
#    Time: 166 ns  Iteration: 0  Instance: /lab3_ta_scanner_tb
# Break in Module lab3_ta_scanner_tb at C:/Users/thanderson/Documents/GitHub/E155-Lab3/FPGA/Radiant_Project/Lab3/source/impl_1/lab3_ta_scanner_tb.sv line 155
add wave -position end  sim:/lab3_ta_scanner_tb/dut/scan_counter
restart -f
# Loading work.lab3_ta_scanner_tb(fast)
# Loading work.lab3_ta_scanner(fast)
# Loading work.lab2_ta_counter(fast)
run -all
# Passed row 0 start at time: 21.
# Passed no tick at count 1.
# Passed row 0 scan tick at time: 36.
# Passed row 1 start at time: 46.
# Passed row 1 scan tick at time: 66.
# Passed row 2 start at time: 76.
# Passed row 2 scan tick at time: 96.
# Passed row 3 start at time: 106.
# Passed row 3 scan tick at time: 126.
# Passed scanner wraparound at time: 136.
# Passed scanner enable freeze at time: 166.
# Scanner testbench complete.
# ** Note: $stop    : C:/Users/thanderson/Documents/GitHub/E155-Lab3/FPGA/Radiant_Project/Lab3/source/impl_1/lab3_ta_scanner_tb.sv(155)
#    Time: 166 ns  Iteration: 0  Instance: /lab3_ta_scanner_tb
# Break in Module lab3_ta_scanner_tb at C:/Users/thanderson/Documents/GitHub/E155-Lab3/FPGA/Radiant_Project/Lab3/source/impl_1/lab3_ta_scanner_tb.sv line 155
# End time: 17:24:55 on Sep 20,2026, Elapsed time: 0:03:40
# Errors: 0, Warnings: 0
# *** Summary *********************************************
#     qrun: Errors:   0, Warnings:   0
#     vlog: Errors:   0, Warnings:   0
#     vopt: Errors:   0, Warnings:   3
#   Totals: Errors:   0, Warnings:   3
# ** Note: (vsim-220) 'C:/lscc/radiant/2026.1/questasim/win64/../modelsim.ini' is used as the ini file.
# vsim -L work -L pmi_work -L ovi_ice40up -lib qrun.out/work -wlf vsim.wlf -gui -do "view wave" -do "add wave /*" -do "run -all" -statslog qrun.out/stats_log qrun_opt -suppress vsim-7033,vsim-8630,3009,3389 -appendlog -l qrun.log 
# Start time: 17:32:56 on Sep 20,2026
# Loading sv_std.std
# Loading work.lab3_ta_sync_tb(fast)
# Loading work.lab3_ta_sync(fast)
# view wave
# .main_pane.wave.interior.cs.body.pw.wf
# add wave /*
# run -all
# Passed initial synchronization at time 16.
# Passed first-stage delay at time 26.
# Passed second-stage synchronization at time 36.
# Passed second input first-stage delay.
# Passed second input synchronization.
# Synchronizer testbench complete.
# ** Note: $stop    : C:/Users/thanderson/Documents/GitHub/E155-Lab3/FPGA/Radiant_Project/Lab3/source/impl_1/lab3_ta_sync_tb.sv(82)
#    Time: 56 ns  Iteration: 0  Instance: /lab3_ta_sync_tb
# Break in Module lab3_ta_sync_tb at C:/Users/thanderson/Documents/GitHub/E155-Lab3/FPGA/Radiant_Project/Lab3/source/impl_1/lab3_ta_sync_tb.sv line 82
# Causality operation skipped due to absence of debug database file
add wave -position end  sim:/lab3_ta_sync_tb/dut/n1
restart -f
# Loading work.lab3_ta_sync_tb(fast)
# Loading work.lab3_ta_sync(fast)
run
# Passed initial synchronization at time 16.
# Passed first-stage delay at time 26.
# Passed second-stage synchronization at time 36.
# Passed second input first-stage delay.
# Passed second input synchronization.
# Synchronizer testbench complete.
# ** Note: $stop    : C:/Users/thanderson/Documents/GitHub/E155-Lab3/FPGA/Radiant_Project/Lab3/source/impl_1/lab3_ta_sync_tb.sv(82)
#    Time: 56 ns  Iteration: 0  Instance: /lab3_ta_sync_tb
# Break in Module lab3_ta_sync_tb at C:/Users/thanderson/Documents/GitHub/E155-Lab3/FPGA/Radiant_Project/Lab3/source/impl_1/lab3_ta_sync_tb.sv line 82
add wave -position end  sim:/lab3_ta_sync_tb/dut/n1
# End time: 17:36:09 on Sep 20,2026, Elapsed time: 0:03:13
# Errors: 0, Warnings: 0
# *** Summary *********************************************
#     qrun: Errors:   0, Warnings:   0
#     vlog: Errors:   0, Warnings:   0
#     vopt: Errors:   0, Warnings:   3
#   Totals: Errors:   0, Warnings:   3
# ** Note: (vsim-220) 'C:/lscc/radiant/2026.1/questasim/win64/../modelsim.ini' is used as the ini file.
# vsim -L work -L pmi_work -L ovi_ice40up -lib qrun.out/work -wlf vsim.wlf -gui -do "view wave" -do "add wave /*" -do "run -all" -statslog qrun.out/stats_log qrun_opt -suppress vsim-7033,vsim-8630,3009,3389 -appendlog -l qrun.log 
# Start time: 17:36:48 on Sep 20,2026
# Loading sv_std.std
# Loading work.lab3_ta_scanner_tb(fast)
# Loading work.lab3_ta_scanner(fast)
# Loading work.lab2_ta_counter(fast)
# view wave
# .main_pane.wave.interior.cs.body.pw.wf
# add wave /*
# run -all
# Passed row 0 start at time: 21.
# Passed no tick at count 1.
# Passed row 0 scan tick at time: 36.
# Passed row 1 start at time: 46.
# Passed row 1 scan tick at time: 66.
# Passed row 2 start at time: 76.
# Passed row 2 scan tick at time: 96.
# Passed row 3 start at time: 106.
# Passed row 3 scan tick at time: 126.
# Passed scanner wraparound at time: 136.
# Passed scanner enable freeze at time: 166.
# Scanner testbench complete.
# ** Note: $stop    : C:/Users/thanderson/Documents/GitHub/E155-Lab3/FPGA/Radiant_Project/Lab3/source/impl_1/lab3_ta_scanner_tb.sv(155)
#    Time: 166 ns  Iteration: 0  Instance: /lab3_ta_scanner_tb
# Break in Module lab3_ta_scanner_tb at C:/Users/thanderson/Documents/GitHub/E155-Lab3/FPGA/Radiant_Project/Lab3/source/impl_1/lab3_ta_scanner_tb.sv line 155
add wave -position end  sim:/lab3_ta_scanner_tb/dut/scan_counter
restart -f
# Loading work.lab3_ta_scanner_tb(fast)
# Loading work.lab3_ta_scanner(fast)
# Loading work.lab2_ta_counter(fast)
run -all
# Passed row 0 start at time: 21.
# Passed no tick at count 1.
# Passed row 0 scan tick at time: 36.
# Passed row 1 start at time: 46.
# Passed row 1 scan tick at time: 66.
# Passed row 2 start at time: 76.
# Passed row 2 scan tick at time: 96.
# Passed row 3 start at time: 106.
# Passed row 3 scan tick at time: 126.
# Passed scanner wraparound at time: 136.
# Passed scanner enable freeze at time: 166.
# Scanner testbench complete.
# ** Note: $stop    : C:/Users/thanderson/Documents/GitHub/E155-Lab3/FPGA/Radiant_Project/Lab3/source/impl_1/lab3_ta_scanner_tb.sv(155)
#    Time: 166 ns  Iteration: 0  Instance: /lab3_ta_scanner_tb
# Break in Module lab3_ta_scanner_tb at C:/Users/thanderson/Documents/GitHub/E155-Lab3/FPGA/Radiant_Project/Lab3/source/impl_1/lab3_ta_scanner_tb.sv line 155
# End time: 17:39:42 on Sep 20,2026, Elapsed time: 0:02:54
# Errors: 0, Warnings: 0
# *** Summary *********************************************
#     qrun: Errors:   0, Warnings:   0
#     vlog: Errors:   0, Warnings:   0
#     vopt: Errors:   0, Warnings:   3
#   Totals: Errors:   0, Warnings:   3
# ** Note: (vsim-220) 'C:/lscc/radiant/2026.1/questasim/win64/../modelsim.ini' is used as the ini file.
# vsim -L work -L pmi_work -L ovi_ice40up -lib qrun.out/work -wlf vsim.wlf -gui -do "view wave" -do "add wave /*" -do "run -all" -statslog qrun.out/stats_log qrun_opt -suppress vsim-7033,vsim-8630,3009,3389 -appendlog -l qrun.log 
# Start time: 17:41:42 on Sep 20,2026
# Loading sv_std.std
# Loading work.lab3_ta_digit_sr_tb(fast)
# Loading work.lab3_ta_digit_sr(fast)
# view wave
# .main_pane.wave.interior.cs.body.pw.wf
# add wave /*
# run -all
# Passed reset test at time 16.
# Passed first digit load at time 26.
# Passed second digit shift at time 36.
# Passed enable hold test at time 66.
# Passed third digit shift at time 76.
# Digit shift register testbench complete.
# ** Note: $stop    : C:/Users/thanderson/Documents/GitHub/E155-Lab3/FPGA/Radiant_Project/Lab3/source/impl_1/lab3_ta_digit_sr_tb.sv(98)
#    Time: 76 ns  Iteration: 0  Instance: /lab3_ta_digit_sr_tb
# Break in Module lab3_ta_digit_sr_tb at C:/Users/thanderson/Documents/GitHub/E155-Lab3/FPGA/Radiant_Project/Lab3/source/impl_1/lab3_ta_digit_sr_tb.sv line 98
# End time: 17:44:10 on Sep 20,2026, Elapsed time: 0:02:28
# Errors: 0, Warnings: 0
# *** Summary *********************************************
#     qrun: Errors:   0, Warnings:   0
#     vlog: Errors:   0, Warnings:   0
#     vopt: Errors:   0, Warnings:   3
#   Totals: Errors:   0, Warnings:   3
# ** Note: (vsim-220) 'C:/lscc/radiant/2026.1/questasim/win64/../modelsim.ini' is used as the ini file.
# vsim -L work -L pmi_work -L ovi_ice40up -lib qrun.out/work -wlf vsim.wlf -gui -do "view wave" -do "add wave /*" -do "run -all" -statslog qrun.out/stats_log qrun_opt -suppress vsim-7033,vsim-8630,3009,3389 -appendlog -l qrun.log 
# Start time: 17:48:11 on Sep 20,2026
# Loading sv_std.std
# Loading work.lab3_ta_keypad_builder_tb(fast)
# Loading work.lab3_ta_keypad_builder(fast)
# view wave
# .main_pane.wave.interior.cs.body.pw.wf
# add wave /*
# run -all
# Passed keypad reset.
# Passed row 0 capture.
# Passed scan_done low on row 0.
# Passed row 1 capture.
# Passed scan_done low on row 1.
# Passed row 2 capture.
# Passed scan_done low on row 2.
# Passed scan_done assertion.
# Passed complete keypad build.
# Passed scan_done deassertion.
# Passed no-update-without-tick test.
# Keypad builder testbench complete.
# ** Note: $stop    : C:/Users/thanderson/Documents/GitHub/E155-Lab3/FPGA/Radiant_Project/Lab3/source/impl_1/lab3_ta_keypad_builder_tb.sv(177)
#    Time: 66 ns  Iteration: 0  Instance: /lab3_ta_keypad_builder_tb
# Break in Module lab3_ta_keypad_builder_tb at C:/Users/thanderson/Documents/GitHub/E155-Lab3/FPGA/Radiant_Project/Lab3/source/impl_1/lab3_ta_keypad_builder_tb.sv line 177
# *** Summary *********************************************
#     qrun: Errors:   0, Warnings:   0
#     vlog: Errors:   0, Warnings:   0
#     vopt: Errors:   0, Warnings:   5
#   Totals: Errors:   0, Warnings:   5
# Error 31: Unable to unlink file "qrun.out/work/qrun_opt/_lib.qdb".
# Error 133: Unable to remove directory "qrun.out/work/qrun_opt".
# Error 133: Unable to remove directory "qrun.out/work".
# Error 133: Unable to remove directory "qrun.out".
# End time: 18:07:07 on Sep 20,2026, Elapsed time: 0:18:56
# Errors: 0, Warnings: 0
# ** Note: (vsim-220) 'C:/lscc/radiant/2026.1/questasim/win64/../modelsim.ini' is used as the ini file.
# vsim -L work -L pmi_work -L ovi_ice40up -lib qrun.out/work -wlf vsim.wlf -gui -do "view wave" -do "add wave /*" -do "run -all" -statslog qrun.out/stats_log qrun_opt -suppress vsim-7033,vsim-8630,3009,3389 -appendlog -l qrun.log 
# Start time: 18:06:59 on Sep 20,2026
# Loading sv_std.std
# Loading work.lab3_ta_keypad_decoder_tb(fast)
# Loading work.lab3_ta_keypad_decoder(fast)
# view wave
# .main_pane.wave.interior.cs.body.pw.wf
# add wave /*
# run -all
# Passed keypad 1000000000000000 -> row 1000, col 3, hex 1
# Passed keypad 0100000000000000 -> row 1000, col 2, hex 2
# Passed keypad 0010000000000000 -> row 1000, col 1, hex 3
# Passed keypad 0001000000000000 -> row 1000, col 0, hex a
# Passed keypad 0000100000000000 -> row 0100, col 3, hex 4
# Passed keypad 0000010000000000 -> row 0100, col 2, hex 5
# Passed keypad 0000001000000000 -> row 0100, col 1, hex 6
# Passed keypad 0000000100000000 -> row 0100, col 0, hex b
# Passed keypad 0000000010000000 -> row 0010, col 3, hex 7
# Passed keypad 0000000001000000 -> row 0010, col 2, hex 8
# Passed keypad 0000000000100000 -> row 0010, col 1, hex 9
# Passed keypad 0000000000010000 -> row 0010, col 0, hex c
# Passed keypad 0000000000001000 -> row 0001, col 3, hex e
# Passed keypad 0000000000000100 -> row 0001, col 2, hex 0
# Passed keypad 0000000000000010 -> row 0001, col 1, hex f
# Passed keypad 0000000000000001 -> row 0001, col 0, hex d
# Passed decoder default case.
# Keypad decoder testbench complete.
# ** Note: $stop    : C:/Users/thanderson/Documents/GitHub/E155-Lab3/FPGA/Radiant_Project/Lab3/source/impl_1/lab3_ta_keypad_decoder_tb.sv(86)
#    Time: 17 ns  Iteration: 0  Instance: /lab3_ta_keypad_decoder_tb
# Break in Module lab3_ta_keypad_decoder_tb at C:/Users/thanderson/Documents/GitHub/E155-Lab3/FPGA/Radiant_Project/Lab3/source/impl_1/lab3_ta_keypad_decoder_tb.sv line 86
# *** Summary *********************************************
#     qrun: Errors:   0, Warnings:   0
#     vlog: Errors:   0, Warnings:   0
#     vopt: Errors:   0, Warnings:   5
#   Totals: Errors:   0, Warnings:   5
# Error 31: Unable to unlink file "qrun.out/work/qrun_opt/_lib.qdb".
# Error 133: Unable to remove directory "qrun.out/work/qrun_opt".
# Error 133: Unable to remove directory "qrun.out/work".
# Error 133: Unable to remove directory "qrun.out".
# ** Note: (vsim-220) 'C:/lscc/radiant/2026.1/questasim/win64/../modelsim.ini' is used as the ini file.
# vsim -L work -L pmi_work -L ovi_ice40up -lib qrun.out/work -wlf vsim.wlf -gui -do "view wave" -do "add wave /*" -do "run -all" -statslog qrun.out/stats_log qrun_opt -suppress vsim-7033,vsim-8630,3009,3389 -appendlog -l qrun.log 
# Start time: 16:33:39 on Sep 21,2026
# Loading sv_std.std
# Loading work.lab3_ta_savedkey_sr_tb(fast)
# Loading work.lab3_ta_savedkey_sr(fast)
# view wave
# .main_pane.wave.interior.cs.body.pw.wf
# add wave /*
# ** Warning: (vsim-WLF-5000) WLF file currently in use: vsim.wlf
#           File in use by: thanderson  Hostname: HGMZ0R3  ProcessID: 2916
#           Attempting to use alternate WLF file "./wlftj541ed".
# ** Warning: (vsim-WLF-5001) Could not open WLF file: vsim.wlf
#           Using alternate file: ./wlftj541ed
# run -all
# Passed reset test at time 16.
# Passed first key load at time 26.
# Passed second saved kye shift at time 36.
# Passed enable hold test at time 66.
# Passed third digit shift at time 76.
# Digit shift register testbench complete.
# ** Note: $stop    : C:/Users/thanderson/Documents/GitHub/E155-Lab3/FPGA/Radiant_Project/Lab3/source/impl_1/lab3_ta_savedkey_sr_tb.sv(106)
#    Time: 76 ns  Iteration: 0  Instance: /lab3_ta_savedkey_sr_tb
# Break in Module lab3_ta_savedkey_sr_tb at C:/Users/thanderson/Documents/GitHub/E155-Lab3/FPGA/Radiant_Project/Lab3/source/impl_1/lab3_ta_savedkey_sr_tb.sv line 106
# End time: 16:34:02 on Sep 21,2026, Elapsed time: 22:27:03
# Errors: 0, Warnings: 0
# End time: 16:35:40 on Sep 21,2026, Elapsed time: 0:02:01
# Errors: 0, Warnings: 2
# *** Summary *********************************************
#     qrun: Errors:   0, Warnings:   0
#     vlog: Errors:   0, Warnings:   0
#     vopt: Errors:   0, Warnings:   3
#   Totals: Errors:   0, Warnings:   3
# ** Note: (vsim-220) 'C:/lscc/radiant/2026.1/questasim/win64/../modelsim.ini' is used as the ini file.
# vsim -L work -L pmi_work -L ovi_ice40up -lib qrun.out/work -wlf vsim.wlf -gui -do "view wave" -do "add wave /*" -do "run -all" -statslog qrun.out/stats_log qrun_opt -suppress vsim-7033,vsim-8630,3009,3389 -appendlog -l qrun.log 
# Start time: 17:32:57 on Sep 21,2026
# Loading sv_std.std
# Loading work.lab3_ta_controller_tb(fast)
# Loading work.lab3_ta_controller(fast)
# view wave
# .main_pane.wave.interior.cs.body.pw.wf
# add wave /*
# run -all
# Passed asynchronous reset -> SCAN.
# Passed multi-key SCAN -> CHECK.
# Passed multi-key rejection.
# Passed valid-key CHECK/save_enable.
# Passed CHECK -> SAVE.
# Passed SAVE -> SETTLE.
# Passed entry into WAIT.
# Passed additional-key ignore during WAIT.
# Passed WAIT -> PULSE.
# Passed one-cycle shift pulse.
# Passed held-key behavior at time 106.
# Passed held-key behavior at time 116.
# Passed held-key behavior at time 126.
# Passed release -> SCAN.
# Entered CHECK for async-reset test.
# Passed asynchronous reset during operation.
# Controller testbench complete.
# ** Note: $stop    : C:/Users/thanderson/Documents/GitHub/E155-Lab3/FPGA/Radiant_Project/Lab3/source/impl_1/lab3_ta_controller_tb.sv(355)
#    Time: 149 ns  Iteration: 0  Instance: /lab3_ta_controller_tb
# Break in Module lab3_ta_controller_tb at C:/Users/thanderson/Documents/GitHub/E155-Lab3/FPGA/Radiant_Project/Lab3/source/impl_1/lab3_ta_controller_tb.sv line 355
add wave -position end  sim:/lab3_ta_controller_tb/dut/state
add wave -position end  sim:/lab3_ta_controller_tb/dut/next_state
restart -f
# Loading work.lab3_ta_controller_tb(fast)
# Loading work.lab3_ta_controller(fast)
run -all
# Passed asynchronous reset -> SCAN.
# Passed multi-key SCAN -> CHECK.
# Passed multi-key rejection.
# Passed valid-key CHECK/save_enable.
# Passed CHECK -> SAVE.
# Passed SAVE -> SETTLE.
# Passed entry into WAIT.
# Passed additional-key ignore during WAIT.
# Passed WAIT -> PULSE.
# Passed one-cycle shift pulse.
# Passed held-key behavior at time 106.
# Passed held-key behavior at time 116.
# Passed held-key behavior at time 126.
# Passed release -> SCAN.
# Entered CHECK for async-reset test.
# Passed asynchronous reset during operation.
# Controller testbench complete.
# ** Note: $stop    : C:/Users/thanderson/Documents/GitHub/E155-Lab3/FPGA/Radiant_Project/Lab3/source/impl_1/lab3_ta_controller_tb.sv(355)
#    Time: 149 ns  Iteration: 0  Instance: /lab3_ta_controller_tb
# Break in Module lab3_ta_controller_tb at C:/Users/thanderson/Documents/GitHub/E155-Lab3/FPGA/Radiant_Project/Lab3/source/impl_1/lab3_ta_controller_tb.sv line 355
# End time: 21:45:07 on Sep 21,2026, Elapsed time: 4:12:10
# Errors: 0, Warnings: 0
# *** Summary *********************************************
#     qrun: Errors:   0, Warnings:   0
#     vlog: Errors:   0, Warnings:   0
#     vopt: Errors:   0, Warnings:   2
#   Totals: Errors:   0, Warnings:   2
# ** Note: (vsim-220) 'C:/lscc/radiant/2026.1/questasim/win64/../modelsim.ini' is used as the ini file.
# vsim -L work -L pmi_work -L ovi_ice40up -lib qrun.out/work -wlf vsim.wlf -gui -do "view wave" -do "add wave /*" -do "run -all" -statslog qrun.out/stats_log qrun_opt -suppress vsim-7033,vsim-8630,3009,3389 -appendlog -l qrun.log 
# Start time: 21:46:39 on Sep 21,2026
# Loading sv_std.std
# Loading work.lab3_ta_top_tb(fast)
# Loading work.lab3_ta(fast)
# Loading ovi_ice40up.HSOSC(fast)
# Loading work.lab3_ta_sync(fast)
# Loading work.lab3_ta_scanner(fast)
# Loading work.lab2_ta_counter(fast)
# Loading work.lab3_ta_keypad_builder(fast)
# Loading work.lab3_ta_keypad_decoder(fast)
# Loading work.lab2_ta_counter(fast__1)
# Loading work.lab3_ta_controller(fast)
# Loading work.lab3_ta_digit_sr(fast)
# Loading work.lab3_ta_savedkey_sr(fast)
# Loading work.lab1_ta_hex_seg_decoder(fast)
# view wave
# .main_pane.wave.interior.cs.body.pw.wf
# add wave /*
# run -all
# Passed top-level asynchronous reset.
# Passed CHECK -> SAVE / saved-row selection.
# Passed SAVE -> SETTLE synchronizer stage 1.
# Passed SETTLE -> WAIT synchronizer stage 2.
# Passed digits: newest=1 previous=0 at time 824000.
# Passed long-hold single-registration test.
# ** Error: FAILED digits: expected 1 5, got 5 1.
#    Time: 7760920 ps  Scope: lab3_ta_top_tb.wait_for_digits File: C:/Users/thanderson/Documents/GitHub/E155-Lab3/FPGA/Radiant_Project/Lab3/source/impl_1/lab3_ta_top_tb.sv Line: 113
# Passed digits: newest=2 previous=5 at time 8386000.
# Passed first-key priority test.
# Passed digits: newest=9 previous=2 at time 9532000.
# Passed multi-key roll off test #1.
# Passed simultaneous multi-key hold test.
# Passed digits: newest=c previous=9 at time 11511000.
# Passed multi-key roll off test #2.
# Passed newest-digit display connection.
# Passed previous-digit display connection.
# TOP LEVEL TESTBENCH COMPLETE.
# ** Note: $stop    : C:/Users/thanderson/Documents/GitHub/E155-Lab3/FPGA/Radiant_Project/Lab3/source/impl_1/lab3_ta_top_tb.sv(428)
#    Time: 11531512 ps  Iteration: 0  Instance: /lab3_ta_top_tb
# Break in Module lab3_ta_top_tb at C:/Users/thanderson/Documents/GitHub/E155-Lab3/FPGA/Radiant_Project/Lab3/source/impl_1/lab3_ta_top_tb.sv line 428
# End time: 21:49:39 on Sep 21,2026, Elapsed time: 0:03:00
# Errors: 1, Warnings: 0
# *** Summary *********************************************
#     qrun: Errors:   0, Warnings:   0
#     vlog: Errors:   0, Warnings:   0
#     vopt: Errors:   0, Warnings:   2
#   Totals: Errors:   0, Warnings:   2
# ** Note: (vsim-220) 'C:/lscc/radiant/2026.1/questasim/win64/../modelsim.ini' is used as the ini file.
# vsim -L work -L pmi_work -L ovi_ice40up -lib qrun.out/work -wlf vsim.wlf -gui -do "view wave" -do "add wave /*" -do "run -all" -statslog qrun.out/stats_log qrun_opt -suppress vsim-7033,vsim-8630,3009,3389 -appendlog -l qrun.log 
# Start time: 21:50:22 on Sep 21,2026
# Loading sv_std.std
# Loading work.lab3_ta_top_tb(fast)
# Loading work.lab3_ta(fast)
# Loading ovi_ice40up.HSOSC(fast)
# Loading work.lab3_ta_sync(fast)
# Loading work.lab3_ta_scanner(fast)
# Loading work.lab2_ta_counter(fast)
# Loading work.lab3_ta_keypad_builder(fast)
# Loading work.lab3_ta_keypad_decoder(fast)
# Loading work.lab2_ta_counter(fast__1)
# Loading work.lab3_ta_controller(fast)
# Loading work.lab3_ta_digit_sr(fast)
# Loading work.lab3_ta_savedkey_sr(fast)
# Loading work.lab1_ta_hex_seg_decoder(fast)
# view wave
# .main_pane.wave.interior.cs.body.pw.wf
# add wave /*
# run -all
# Passed top-level asynchronous reset.
# Passed CHECK -> SAVE / saved-row selection.
# Passed SAVE -> SETTLE synchronizer stage 1.
# Passed SETTLE -> WAIT synchronizer stage 2.
# Passed digits: newest=1 previous=0 at time 824000.
# Passed long-hold single-registration test.
# Passed digits: newest=5 previous=1 at time 2074000.
# Passed digits: newest=2 previous=5 at time 2699000.
# Passed first-key priority test.
# Passed digits: newest=9 previous=2 at time 3845000.
# Passed multi-key roll off test #1.
# Passed simultaneous multi-key hold test.
# Passed digits: newest=c previous=9 at time 5824000.
# Passed multi-key roll off test #2.
# Passed newest-digit display connection.
# Passed previous-digit display connection.
# TOP LEVEL TESTBENCH COMPLETE.
# ** Note: $stop    : C:/Users/thanderson/Documents/GitHub/E155-Lab3/FPGA/Radiant_Project/Lab3/source/impl_1/lab3_ta_top_tb.sv(428)
#    Time: 5906872 ps  Iteration: 0  Instance: /lab3_ta_top_tb
# Break in Module lab3_ta_top_tb at C:/Users/thanderson/Documents/GitHub/E155-Lab3/FPGA/Radiant_Project/Lab3/source/impl_1/lab3_ta_top_tb.sv line 428
# End time: 22:22:49 on Sep 21,2026, Elapsed time: 0:32:27
# Errors: 0, Warnings: 0
# *** Summary *********************************************
#     qrun: Errors:   0, Warnings:   0
#     vlog: Errors:   0, Warnings:   0
#     vopt: Errors:   0, Warnings:   2
#   Totals: Errors:   0, Warnings:   2
# ** Note: (vsim-220) 'C:/lscc/radiant/2026.1/questasim/win64/../modelsim.ini' is used as the ini file.
# vsim -L work -L pmi_work -L ovi_ice40up -lib qrun.out/work -wlf vsim.wlf -gui -do "view wave" -do "add wave /*" -do "run -all" -statslog qrun.out/stats_log qrun_opt -suppress vsim-7033,vsim-8630,3009,3389 -appendlog -l qrun.log 
# Start time: 22:23:02 on Sep 21,2026
# Loading sv_std.std
# Loading work.lab3_ta_top_tb(fast)
# Loading work.lab3_ta(fast)
# Loading ovi_ice40up.HSOSC(fast)
# Loading work.lab3_ta_sync(fast)
# Loading work.lab3_ta_scanner(fast)
# Loading work.lab2_ta_counter(fast)
# Loading work.lab3_ta_keypad_builder(fast)
# Loading work.lab3_ta_keypad_decoder(fast)
# Loading work.lab2_ta_counter(fast__1)
# Loading work.lab3_ta_controller(fast)
# Loading work.lab3_ta_digit_sr(fast)
# Loading work.lab3_ta_savedkey_sr(fast)
# Loading work.lab1_ta_hex_seg_decoder(fast)
# view wave
# .main_pane.wave.interior.cs.body.pw.wf
# add wave /*
# run -all
# RESET TEST START: at 0
# Passed top-level asynchronous reset.
# RESET TEST END: at 2000
# TEST 1 START: at 52000
# Passed CHECK -> SAVE / saved-row selection.
# Passed SAVE -> SETTLE synchronizer stage 1.
# Passed SETTLE -> WAIT synchronizer stage 2.
# Passed digits: newest=1 previous=0 at time 824000.
# Passed long-hold single-registration test.
# TEST 1 END: at 1449000
# TEST 2 START:  at 1510000
# Passed digits: newest=5 previous=1 at time 2074000.
# TEST 2 END:  at 2135000
# TEST 3 START:  at 2135000
# Passed digits: newest=2 previous=5 at time 2699000.
# Passed first-key priority test.
# Passed digits: newest=9 previous=2 at time 3845000.
# Passed multi-key roll off test #1.
# TEST 3 END:  at 3906000
# TEST 4 START:  at 3906000
# Passed simultaneous multi-key hold test.
# TEST 4 END:  at 5157000
# TEST 5 START:  at 5157000
# Passed digits: newest=c previous=9 at time 5824000.
# Passed multi-key roll off test #2.
# TEST 5 END:  at 5828000
# OUTPUT TEST START:  at 5828000
# Passed newest-digit display connection.
# Passed previous-digit display connection.
# OUTPUT TEST END:  at 5907000
# TOP LEVEL TESTBENCH COMPLETE.
# ** Note: $stop    : C:/Users/thanderson/Documents/GitHub/E155-Lab3/FPGA/Radiant_Project/Lab3/source/impl_1/lab3_ta_top_tb.sv(421)
#    Time: 5906872 ps  Iteration: 0  Instance: /lab3_ta_top_tb
# Break in Module lab3_ta_top_tb at C:/Users/thanderson/Documents/GitHub/E155-Lab3/FPGA/Radiant_Project/Lab3/source/impl_1/lab3_ta_top_tb.sv line 421
delete wave *

add wave sim:/lab3_ta_top_tb/reset
add wave sim:/lab3_ta_top_tb/dut/int_osc
add wave sim:/lab3_ta_top_tb/dut/i_CONTROLLER/state

add wave sim:/lab3_ta_top_tb/dut/saved_row
add wave sim:/lab3_ta_top_tb/dut/saved_col

add wave sim:/lab3_ta_top_tb/dut/dig1
add wave sim:/lab3_ta_top_tb/dut/dig2
delete wave *

add wave -divider "TB Inputs"
add wave sim:/lab3_ta_top_tb/reset
add wave sim:/lab3_ta_top_tb/enable
add wave sim:/lab3_ta_top_tb/pressed

add wave -divider "Clock and Scan"
add wave sim:/lab3_ta_top_tb/dut/int_osc
add wave sim:/lab3_ta_top_tb/dut/row_scan
add wave sim:/lab3_ta_top_tb/dut/row_scan_idx
add wave sim:/lab3_ta_top_tb/dut/scan_tick
add wave sim:/lab3_ta_top_tb/dut/scan_done
add wave sim:/lab3_ta_top_tb/dut/scan_enable
add wave sim:/lab3_ta_top_tb/row_out

add wave -divider "Columns and Synchronizer"
add wave sim:/lab3_ta_top_tb/col_raw
add wave sim:/lab3_ta_top_tb/dut/i_SYNC/n1
add wave sim:/lab3_ta_top_tb/dut/col_sync

add wave -divider "Keypad Decode"
add wave sim:/lab3_ta_top_tb/dut/keypad
add wave sim:/lab3_ta_top_tb/dut/row_decoded
add wave sim:/lab3_ta_top_tb/dut/col_decoded
add wave sim:/lab3_ta_top_tb/dut/hex_decoded

add wave -divider "Controller"
add wave sim:/lab3_ta_top_tb/dut/i_CONTROLLER/state
add wave sim:/lab3_ta_top_tb/dut/save_enable
add wave sim:/lab3_ta_top_tb/dut/saved_row
add wave sim:/lab3_ta_top_tb/dut/saved_col

add wave -divider "Debounce"
add wave sim:/lab3_ta_top_tb/dut/db_reset
add wave sim:/lab3_ta_top_tb/dut/db_enable
add wave sim:/lab3_ta_top_tb/dut/db_counter
add wave sim:/lab3_ta_top_tb/dut/db_done

add wave -divider "Digit Registration"
add wave sim:/lab3_ta_top_tb/dut/shift_enable
add wave sim:/lab3_ta_top_tb/dut/dig1
add wave sim:/lab3_ta_top_tb/dut/dig2

add wave -divider "Display Mux"
add wave sim:/lab3_ta_top_tb/dut/hex_counter
add wave sim:/lab3_ta_top_tb/dut/dig_s
add wave sim:/lab3_ta_top_tb/dut/s
add wave sim:/lab3_ta_top_tb/anode
add wave sim:/lab3_ta_top_tb/seg
restart -f
run -all
# Loading work.lab3_ta_top_tb(fast)
# Loading work.lab3_ta(fast)
# Loading ovi_ice40up.HSOSC(fast)
# Loading work.lab3_ta_sync(fast)
# Loading work.lab3_ta_scanner(fast)
# Loading work.lab2_ta_counter(fast)
# Loading work.lab3_ta_keypad_builder(fast)
# Loading work.lab3_ta_keypad_decoder(fast)
# Loading work.lab2_ta_counter(fast__1)
# Loading work.lab3_ta_controller(fast)
# Loading work.lab3_ta_digit_sr(fast)
# Loading work.lab3_ta_savedkey_sr(fast)
# Loading work.lab1_ta_hex_seg_decoder(fast)
# RESET TEST START: at 0
# Passed top-level asynchronous reset.
# RESET TEST END: at 2000
# TEST 1 START: at 52000
# Passed CHECK -> SAVE / saved-row selection.
# Passed SAVE -> SETTLE synchronizer stage 1.
# Passed SETTLE -> WAIT synchronizer stage 2.
# Passed digits: newest=1 previous=0 at time 824000.
# Passed long-hold single-registration test.
# TEST 1 END: at 1449000
# TEST 2 START:  at 1510000
# Passed digits: newest=5 previous=1 at time 2074000.
# TEST 2 END:  at 2135000
# TEST 3 START:  at 2135000
# Passed digits: newest=2 previous=5 at time 2699000.
# Passed first-key priority test.
# Passed digits: newest=9 previous=2 at time 3845000.
# Passed multi-key roll off test #1.
# TEST 3 END:  at 3906000
# TEST 4 START:  at 3906000
# Passed simultaneous multi-key hold test.
# TEST 4 END:  at 5157000
# TEST 5 START:  at 5157000
# Passed digits: newest=c previous=9 at time 5824000.
# Passed multi-key roll off test #2.
# TEST 5 END:  at 5828000
# OUTPUT TEST START:  at 5828000
# Passed newest-digit display connection.
# Passed previous-digit display connection.
# OUTPUT TEST END:  at 5907000
# TOP LEVEL TESTBENCH COMPLETE.
# ** Note: $stop    : C:/Users/thanderson/Documents/GitHub/E155-Lab3/FPGA/Radiant_Project/Lab3/source/impl_1/lab3_ta_top_tb.sv(421)
#    Time: 5906872 ps  Iteration: 0  Instance: /lab3_ta_top_tb
# Break in Module lab3_ta_top_tb at C:/Users/thanderson/Documents/GitHub/E155-Lab3/FPGA/Radiant_Project/Lab3/source/impl_1/lab3_ta_top_tb.sv line 421
delete wave *

add wave sim:/lab3_ta_top_tb/reset
add wave sim:/lab3_ta_top_tb/dut/int_osc

add wave sim:/lab3_ta_top_tb/dut/i_CONTROLLER/state

add wave sim:/lab3_ta_top_tb/dut/saved_row
add wave sim:/lab3_ta_top_tb/dut/saved_col

add wave sim:/lab3_ta_top_tb/dut/dig1
add wave sim:/lab3_ta_top_tb/dut/dig2

wave zoom range 0ns 5ns
# {0 ps} {5 ns}
delete wave *

add wave sim:/lab3_ta_top_tb/dut/int_osc

add wave sim:/lab3_ta_top_tb/pressed
add wave sim:/lab3_ta_top_tb/row_out
add wave sim:/lab3_ta_top_tb/col_raw

add wave sim:/lab3_ta_top_tb/dut/i_SYNC/n1
add wave sim:/lab3_ta_top_tb/dut/col_sync

add wave sim:/lab3_ta_top_tb/dut/i_CONTROLLER/state
add wave sim:/lab3_ta_top_tb/dut/save_enable

add wave sim:/lab3_ta_top_tb/dut/saved_row
add wave sim:/lab3_ta_top_tb/dut/saved_col

add wave sim:/lab3_ta_top_tb/dut/db_enable

wave zoom range 50ns 260ns
# {50 ns} {260 ns}
delete wave *

add wave sim:/lab3_ta_top_tb/dut/int_osc

add wave sim:/lab3_ta_top_tb/pressed
add wave sim:/lab3_ta_top_tb/dut/col_sync
add wave sim:/lab3_ta_top_tb/dut/saved_col

add wave sim:/lab3_ta_top_tb/dut/i_CONTROLLER/state

add wave sim:/lab3_ta_top_tb/dut/db_enable
add wave sim:/lab3_ta_top_tb/dut/db_counter
add wave sim:/lab3_ta_top_tb/dut/db_done

add wave sim:/lab3_ta_top_tb/dut/shift_enable

add wave sim:/lab3_ta_top_tb/dut/dig1
add wave sim:/lab3_ta_top_tb/dut/dig2

wave zoom range 250ns 1450ns
# {250 ns} {1450 ns}
delete wave *

add wave sim:/lab3_ta_top_tb/dut/int_osc

add wave sim:/lab3_ta_top_tb/pressed
add wave sim:/lab3_ta_top_tb/dut/i_CONTROLLER/state

add wave sim:/lab3_ta_top_tb/dut/shift_enable

add wave sim:/lab3_ta_top_tb/dut/hex_decoded
add wave sim:/lab3_ta_top_tb/dut/dig1
add wave sim:/lab3_ta_top_tb/dut/dig2

wave zoom range 1510ns 2140ns
# {1510 ns} {2140 ns}
delete wave *

add wave sim:/lab3_ta_top_tb/dut/int_osc

add wave sim:/lab3_ta_top_tb/pressed
add wave sim:/lab3_ta_top_tb/row_out
add wave sim:/lab3_ta_top_tb/dut/col_sync

add wave sim:/lab3_ta_top_tb/dut/i_CONTROLLER/state

add wave sim:/lab3_ta_top_tb/dut/saved_row
add wave sim:/lab3_ta_top_tb/dut/saved_col

add wave sim:/lab3_ta_top_tb/dut/shift_enable

add wave sim:/lab3_ta_top_tb/dut/dig1
add wave sim:/lab3_ta_top_tb/dut/dig2

wave zoom range 2135ns 3960ns
# {2135 ns} {3960 ns}
delete wave *

add wave sim:/lab3_ta_top_tb/dut/int_osc

add wave sim:/lab3_ta_top_tb/pressed
add wave sim:/lab3_ta_top_tb/dut/keypad

add wave sim:/lab3_ta_top_tb/dut/i_CONTROLLER/state

add wave sim:/lab3_ta_top_tb/dut/save_enable
add wave sim:/lab3_ta_top_tb/dut/saved_row
add wave sim:/lab3_ta_top_tb/dut/saved_col

add wave sim:/lab3_ta_top_tb/dut/shift_enable

add wave sim:/lab3_ta_top_tb/dut/dig1
add wave sim:/lab3_ta_top_tb/dut/dig2

wave zoom range 3960ns 5830ns
# {3960 ns} {5830 ns}
delete wave *

add wave sim:/lab3_ta_top_tb/dut/int_osc

add wave sim:/lab3_ta_top_tb/dut/dig1
add wave sim:/lab3_ta_top_tb/dut/dig2

add wave sim:/lab3_ta_top_tb/dut/hex_counter
add wave sim:/lab3_ta_top_tb/dut/dig_s
add wave sim:/lab3_ta_top_tb/dut/s

add wave sim:/lab3_ta_top_tb/anode
add wave sim:/lab3_ta_top_tb/seg

wave zoom range 5828ns 5910ns
# {5828 ns} {5910 ns}
# End time: 22:51:53 on Sep 21,2026, Elapsed time: 0:28:51
# Errors: 0, Warnings: 0
# *** Summary *********************************************
#     qrun: Errors:   0, Warnings:   0
#     vlog: Errors:   0, Warnings:   0
#     vopt: Errors:   0, Warnings:   3
#   Totals: Errors:   0, Warnings:   3
# ** Note: (vsim-220) 'C:/lscc/radiant/2026.1/questasim/win64/../modelsim.ini' is used as the ini file.
# vsim -L work -L pmi_work -L ovi_ice40up -lib qrun.out/work -wlf vsim.wlf -gui -do "view wave" -do "add wave /*" -do "run -all" -statslog qrun.out/stats_log qrun_opt -suppress vsim-7033,vsim-8630,3009,3389 -appendlog -l qrun.log 
# Start time: 23:10:52 on Sep 21,2026
# Loading sv_std.std
# Loading work.lab3_ta_controller_tb(fast)
# Loading work.lab3_ta_controller(fast)
# view wave
# .main_pane.wave.interior.cs.body.pw.wf
# add wave /*
# run -all
# Passed asynchronous reset -> SCAN.
# Passed multi-key SCAN -> CHECK.
# Passed multi-key rejection.
# Passed valid-key CHECK/save_enable.
# Passed CHECK -> SAVE.
# Passed SAVE -> SETTLE.
# Passed entry into WAIT.
# Passed additional-key ignore during WAIT.
# Passed WAIT -> PULSE.
# Passed one-cycle shift pulse.
# Passed held-key behavior at time 106.
# Passed held-key behavior at time 116.
# Passed held-key behavior at time 126.
# Passed release -> SCAN.
# Entered CHECK for async-reset test.
# Passed asynchronous reset during operation.
# Controller testbench complete.
# ** Note: $stop    : C:/Users/thanderson/Documents/GitHub/E155-Lab3/FPGA/Radiant_Project/Lab3/source/impl_1/lab3_ta_controller_tb.sv(353)
#    Time: 149 ns  Iteration: 0  Instance: /lab3_ta_controller_tb
# Break in Module lab3_ta_controller_tb at C:/Users/thanderson/Documents/GitHub/E155-Lab3/FPGA/Radiant_Project/Lab3/source/impl_1/lab3_ta_controller_tb.sv line 353
add wave -position end  sim:/lab3_ta_controller_tb/dut/state
add wave -position end  sim:/lab3_ta_controller_tb/dut/next_state
restart -f
# Loading work.lab3_ta_controller_tb(fast)
# Loading work.lab3_ta_controller(fast)
run -all
# Passed asynchronous reset -> SCAN.
# Passed multi-key SCAN -> CHECK.
# Passed multi-key rejection.
# Passed valid-key CHECK/save_enable.
# Passed CHECK -> SAVE.
# Passed SAVE -> SETTLE.
# Passed entry into WAIT.
# Passed additional-key ignore during WAIT.
# Passed WAIT -> PULSE.
# Passed one-cycle shift pulse.
# Passed held-key behavior at time 106.
# Passed held-key behavior at time 116.
# Passed held-key behavior at time 126.
# Passed release -> SCAN.
# Entered CHECK for async-reset test.
# Passed asynchronous reset during operation.
# Controller testbench complete.
# ** Note: $stop    : C:/Users/thanderson/Documents/GitHub/E155-Lab3/FPGA/Radiant_Project/Lab3/source/impl_1/lab3_ta_controller_tb.sv(353)
#    Time: 149 ns  Iteration: 0  Instance: /lab3_ta_controller_tb
# Break in Module lab3_ta_controller_tb at C:/Users/thanderson/Documents/GitHub/E155-Lab3/FPGA/Radiant_Project/Lab3/source/impl_1/lab3_ta_controller_tb.sv line 353
